Archive member included because of file (symbol)

c:/program files/gnu tools arm embedded/4.7 2014q2/bin/../lib/gcc/arm-none-eabi/4.7.4/../../../../arm-none-eabi/lib/armv7e-m/fpu\libg.a(lib_a-errno.o)
                              ..\obj\socket.o (__errno)
c:/program files/gnu tools arm embedded/4.7 2014q2/bin/../lib/gcc/arm-none-eabi/4.7.4/../../../../arm-none-eabi/lib/armv7e-m/fpu\libg.a(lib_a-impure.o)
                              c:/program files/gnu tools arm embedded/4.7 2014q2/bin/../lib/gcc/arm-none-eabi/4.7.4/../../../../arm-none-eabi/lib/armv7e-m/fpu\libg.a(lib_a-errno.o) (_impure_ptr)
c:/program files/gnu tools arm embedded/4.7 2014q2/bin/../lib/gcc/arm-none-eabi/4.7.4/../../../../arm-none-eabi/lib/armv7e-m/fpu\libg.a(lib_a-malloc.o)
                              ..\obj\os.o (malloc)
c:/program files/gnu tools arm embedded/4.7 2014q2/bin/../lib/gcc/arm-none-eabi/4.7.4/../../../../arm-none-eabi/lib/armv7e-m/fpu\libg.a(lib_a-mallocr.o)
                              c:/program files/gnu tools arm embedded/4.7 2014q2/bin/../lib/gcc/arm-none-eabi/4.7.4/../../../../arm-none-eabi/lib/armv7e-m/fpu\libg.a(lib_a-malloc.o) (_malloc_r)
c:/program files/gnu tools arm embedded/4.7 2014q2/bin/../lib/gcc/arm-none-eabi/4.7.4/../../../../arm-none-eabi/lib/armv7e-m/fpu\libg.a(lib_a-memcpy.o)
                              ..\obj\socket.o (memcpy)
c:/program files/gnu tools arm embedded/4.7 2014q2/bin/../lib/gcc/arm-none-eabi/4.7.4/../../../../arm-none-eabi/lib/armv7e-m/fpu\libg.a(lib_a-memset.o)
                              ..\obj\spi.o (memset)
c:/program files/gnu tools arm embedded/4.7 2014q2/bin/../lib/gcc/arm-none-eabi/4.7.4/../../../../arm-none-eabi/lib/armv7e-m/fpu\libg.a(lib_a-mlock.o)
                              c:/program files/gnu tools arm embedded/4.7 2014q2/bin/../lib/gcc/arm-none-eabi/4.7.4/../../../../arm-none-eabi/lib/armv7e-m/fpu\libg.a(lib_a-mallocr.o) (__malloc_lock)
c:/program files/gnu tools arm embedded/4.7 2014q2/bin/../lib/gcc/arm-none-eabi/4.7.4/../../../../arm-none-eabi/lib/armv7e-m/fpu\libg.a(lib_a-sbrkr.o)
                              c:/program files/gnu tools arm embedded/4.7 2014q2/bin/../lib/gcc/arm-none-eabi/4.7.4/../../../../arm-none-eabi/lib/armv7e-m/fpu\libg.a(lib_a-mallocr.o) (_sbrk_r)
c:/program files/gnu tools arm embedded/4.7 2014q2/bin/../lib/gcc/arm-none-eabi/4.7.4/../../../../arm-none-eabi/lib/armv7e-m/fpu\libg.a(lib_a-sprintf.o)
                              ..\obj\spi.o (sprintf)
c:/program files/gnu tools arm embedded/4.7 2014q2/bin/../lib/gcc/arm-none-eabi/4.7.4/../../../../arm-none-eabi/lib/armv7e-m/fpu\libg.a(lib_a-strcpy.o)
                              ..\obj\CC3000.o (strcpy)
c:/program files/gnu tools arm embedded/4.7 2014q2/bin/../lib/gcc/arm-none-eabi/4.7.4/../../../../arm-none-eabi/lib/armv7e-m/fpu\libg.a(lib_a-strlcpy.o)
                              ..\obj\CC3000.o (strlcpy)
c:/program files/gnu tools arm embedded/4.7 2014q2/bin/../lib/gcc/arm-none-eabi/4.7.4/../../../../arm-none-eabi/lib/armv7e-m/fpu\libg.a(lib_a-strlen.o)
                              ..\obj\ntp.o (strlen)
c:/program files/gnu tools arm embedded/4.7 2014q2/bin/../lib/gcc/arm-none-eabi/4.7.4/../../../../arm-none-eabi/lib/armv7e-m/fpu\libg.a(lib_a-svfprintf.o)
                              c:/program files/gnu tools arm embedded/4.7 2014q2/bin/../lib/gcc/arm-none-eabi/4.7.4/../../../../arm-none-eabi/lib/armv7e-m/fpu\libg.a(lib_a-sprintf.o) (_svfprintf_r)
c:/program files/gnu tools arm embedded/4.7 2014q2/bin/../lib/gcc/arm-none-eabi/4.7.4/../../../../arm-none-eabi/lib/armv7e-m/fpu\libg.a(lib_a-dtoa.o)
                              c:/program files/gnu tools arm embedded/4.7 2014q2/bin/../lib/gcc/arm-none-eabi/4.7.4/../../../../arm-none-eabi/lib/armv7e-m/fpu\libg.a(lib_a-svfprintf.o) (_dtoa_r)
c:/program files/gnu tools arm embedded/4.7 2014q2/bin/../lib/gcc/arm-none-eabi/4.7.4/../../../../arm-none-eabi/lib/armv7e-m/fpu\libg.a(lib_a-freer.o)
                              c:/program files/gnu tools arm embedded/4.7 2014q2/bin/../lib/gcc/arm-none-eabi/4.7.4/../../../../arm-none-eabi/lib/armv7e-m/fpu\libg.a(lib_a-malloc.o) (_free_r)
c:/program files/gnu tools arm embedded/4.7 2014q2/bin/../lib/gcc/arm-none-eabi/4.7.4/../../../../arm-none-eabi/lib/armv7e-m/fpu\libg.a(lib_a-locale.o)
                              c:/program files/gnu tools arm embedded/4.7 2014q2/bin/../lib/gcc/arm-none-eabi/4.7.4/../../../../arm-none-eabi/lib/armv7e-m/fpu\libg.a(lib_a-svfprintf.o) (_localeconv_r)
c:/program files/gnu tools arm embedded/4.7 2014q2/bin/../lib/gcc/arm-none-eabi/4.7.4/../../../../arm-none-eabi/lib/armv7e-m/fpu\libg.a(lib_a-memchr.o)
                              c:/program files/gnu tools arm embedded/4.7 2014q2/bin/../lib/gcc/arm-none-eabi/4.7.4/../../../../arm-none-eabi/lib/armv7e-m/fpu\libg.a(lib_a-svfprintf.o) (memchr)
[...]
Memory Configuration

Name             Origin             Length             Attributes
rom              0x08000000         0x00100000         xr
ram              0x20000000         0x00020000         xrw
ram1             0x10000000         0x00010000         xrw
*default*        0x00000000         0xffffffff

Linker script and memory map

                0x20020000                _eram = 0x20020000

.text           0x08000000    0x131d0
 *(.isr_vector)
 .isr_vector    0x08000000      0x188 ..\obj\startup_stm32f4xx.o
                0x08000000                g_pfnVectors
 *(.text*)
 .text.HostFlowControlConsumeBuff
                0x08000188       0x8c ..\obj\socket.o
                0x08000188                HostFlowControlConsumeBuff
 .text.select   0x08000214      0x194 ..\obj\socket.o
                0x08000214                select
 .text.simple_link_recv
                0x080003a8       0x8c ..\obj\socket.o
                0x080003a8                simple_link_recv
 .text.recv     0x08000434       0x38 ..\obj\socket.o
                0x08000434                recv
 .text.recvfrom
                0x0800046c       0x34 ..\obj\socket.o
                0x0800046c                recvfrom
 .text.simple_link_send
                0x080004a0      0x198 ..\obj\socket.o
                0x080004a0                simple_link_send
 .text.send     0x08000638       0x38 ..\obj\socket.o
                0x08000638                send
 .text.sendto   0x08000670       0x34 ..\obj\socket.o
                0x08000670                sendto
 .text.SYSCFG_EXTILineConfig
                0x080006a4       0xb0 ..\obj\stm32f4xx_syscfg.o
                0x080006a4                SYSCFG_EXTILineConfig
 .text.NVIC_EnableIRQ
                0x08000754       0x38 ..\obj\spi.o
 .text.NVIC_DisableIRQ
                0x0800078c       0x3c ..\obj\spi.o
 .text.wait_uSek
                0x080007c8       0x40 ..\obj\spi.o
                0x080007c8                wait_uSek
 .text.WLAN_IRQ_Handler
                0x08000808      0x114 ..\obj\spi.o
                0x08000808                WLAN_IRQ_Handler
 .text.DMA1_Stream4_IRQHandler
                0x0800091c       0x4c ..\obj\spi.o
                0x0800091c                DMA1_Stream4_IRQHandler
 .text.DMA_Int_Handler
                0x08000968      0x200 ..\obj\spi.o
                0x08000968                DMA_Int_Handler
 .text.ReadWlanInterruptPin
                0x08000b68       0x1c ..\obj\spi.o
                0x08000b68                ReadWlanInterruptPin
 .text.SpiReadData
                0x08000b84       0x24 ..\obj\spi.o
                0x08000b84                SpiReadData
 .text.SpiReadWriteStringInt
                0x08000ba8      0x198 ..\obj\spi.o
                0x08000ba8                SpiReadWriteStringInt
 .text.SpiReadWriteString
                0x08000d40      0x184 ..\obj\spi.o
                0x08000d40                SpiReadWriteString
 .text.SpiOpen  0x08000ec4       0x68 ..\obj\spi.o
                0x08000ec4                SpiOpen
 .text.SpiClose
                0x08000f2c       0x28 ..\obj\spi.o
                0x08000f2c                SpiClose
 .text.SpiWrite
                0x08000f54      0x198 ..\obj\spi.o
                0x08000f54                SpiWrite
 .text.SpiResumeSpi
                0x080010ec        0xc ..\obj\spi.o
                0x080010ec                SpiResumeSpi
 .text.WriteWlanPin
                0x080010f8       0x3c ..\obj\spi.o
                0x080010f8                WriteWlanPin
 .text.WlanInterruptEnable
                0x08001134       0x74 ..\obj\spi.o
                0x08001134                WlanInterruptEnable
 .text.WlanInterruptDisable
                0x080011a8       0x5c ..\obj\spi.o
                0x080011a8                WlanInterruptDisable
 .text.DMA_und_SPI_ClearInterruptFlag
                0x08001204       0x3c ..\obj\spi.o
                0x08001204                DMA_und_SPI_ClearInterruptFlag
 .text.SpiReadDataCont
                0x08001240      0x11c ..\obj\spi.o
                0x08001240                SpiReadDataCont
 .text.hci_command_send
                0x0800135c       0x64 ..\obj\hci.o
                0x0800135c                hci_command_send
 .text.hci_data_send
                0x080013c0       0x88 ..\obj\hci.o
                0x080013c0                hci_data_send
 .text.hci_data_command_send
                0x08001448       0x7c ..\obj\hci.o
                0x08001448                hci_data_command_send
 .text.hci_patch_send
                0x080014c4      0x15c ..\obj\hci.o
                0x080014c4                hci_patch_send
 .text.OsSchedUnlock
                0x08001620       0x68 ..\obj\core.o
                0x08001620                OsSchedUnlock
 .text.NMI_Handler
                0x08001688        0xc ..\obj\interrupts.o
                0x08001688                NMI_Handler
 .text.HardFault_Handler
                0x08001694       0x1c ..\obj\interrupts.o
                0x08001694                HardFault_Handler
 .text.MemManage_Handler
                0x080016b0        0x8 ..\obj\interrupts.o
                0x080016b0                MemManage_Handler
 .text.BusFault_Handler
                0x080016b8        0x8 ..\obj\interrupts.o
                0x080016b8                BusFault_Handler
 .text.UsageFault_Handler
                0x080016c0        0x8 ..\obj\interrupts.o
                0x080016c0                UsageFault_Handler
 .text.SVC_Handler
                0x080016c8        0xc ..\obj\interrupts.o
                0x080016c8                SVC_Handler
 .text.DebugMon_Handler
                0x080016d4        0xc ..\obj\interrupts.o
                0x080016d4                DebugMon_Handler
 .text.SysTick_Handler
                0x080016e0      0x160 ..\obj\interrupts.o
                0x080016e0                SysTick_Handler
 .text.WWDG_IRQHandler
                0x08001840        0xc ..\obj\interrupts.o
                0x08001840                WWDG_IRQHandler
 .text.EXTI0_IRQHandler
                0x0800184c       0x10 ..\obj\interrupts.o
                0x0800184c                EXTI0_IRQHandler
 .text.EXTI1_IRQHandler
                0x0800185c        0xc ..\obj\interrupts.o
                0x0800185c                EXTI1_IRQHandler
 .text.EXTI2_IRQHandler
                0x08001868        0xc ..\obj\interrupts.o
                0x08001868                EXTI2_IRQHandler
 .text.EXTI3_IRQHandler
                0x08001874        0xc ..\obj\interrupts.o
                0x08001874                EXTI3_IRQHandler
 .text.EXTI4_IRQHandler
                0x08001880        0xc ..\obj\interrupts.o
                0x08001880                EXTI4_IRQHandler
 .text.EXTI9_5_IRQHandler
                0x0800188c       0x4c ..\obj\interrupts.o
                0x0800188c                EXTI9_5_IRQHandler
 .text.EXTI15_10_IRQHandler
                0x080018d8       0x48 ..\obj\interrupts.o
                0x080018d8                EXTI15_10_IRQHandler
 .text.RTC_Alarm_IRQHandler
                0x08001920       0x24 ..\obj\interrupts.o
                0x08001920                RTC_Alarm_IRQHandler
 .text.ADC_IRQHandler
                0x08001944       0x28 ..\obj\interrupts.o
                0x08001944                ADC_IRQHandler
 .text.USART2_IRQHandler
                0x0800196c        0xc ..\obj\interrupts.o
                0x0800196c                USART2_IRQHandler
 .text.USART6_IRQHandler
                0x08001978        0xc ..\obj\interrupts.o
                0x08001978                USART6_IRQHandler
 .text.DMA2_Stream6_IRQHandler
                0x08001984        0xc ..\obj\interrupts.o
                0x08001984                DMA2_Stream6_IRQHandler
 .text.RTC_WKUP_IRQHandler
                0x08001990       0x34 ..\obj\interrupts.o
                0x08001990                RTC_WKUP_IRQHandler
 .text.TIM5_IRQHandler
                0x080019c4        0xc ..\obj\interrupts.o
                0x080019c4                TIM5_IRQHandler
 .text.TIM7_IRQHandler
                0x080019d0        0xc ..\obj\interrupts.o
                0x080019d0                TIM7_IRQHandler
 .text.TIM6_DAC_IRQHandler
                0x080019dc        0xc ..\obj\interrupts.o
                0x080019dc                TIM6_DAC_IRQHandler
 .text.hard_fault_handler_c
                0x080019e8        0xc ..\obj\interrupts.o
                0x080019e8                hard_fault_handler_c
 .text.InsertTmrList
                0x080019f4      0x2c8 ..\obj\timer.o
 .text.RemoveTmrList
                0x08001cbc      0x100 ..\obj\timer.o
 .text.TmrDispose
                0x08001dbc       0x84 ..\obj\timer.o
                0x08001dbc                TmrDispose
 .text.isr_TmrDispose
                0x08001e40       0x38 ..\obj\timer.o
                0x08001e40                isr_TmrDispose
 .text.USART_Init
                0x08001e78      0x1ac ..\obj\stm32f4xx_usart.o
                0x08001e78                USART_Init
 .text.USART_Cmd
                0x08002024       0x40 ..\obj\stm32f4xx_usart.o
                0x08002024                USART_Cmd
 .text.USART_SendData
                0x08002064       0x28 ..\obj\stm32f4xx_usart.o
                0x08002064                USART_SendData
 .text.USART_GetFlagStatus
                0x0800208c       0x40 ..\obj\stm32f4xx_usart.o
                0x0800208c                USART_GetFlagStatus
 .text.PWR_BackupAccessCmd
                0x080020cc       0x20 ..\obj\stm32f4xx_pwr.o
                0x080020cc                PWR_BackupAccessCmd
 .text.start_RTC
                0x080020ec       0x80 ..\obj\rtc.o
                0x080020ec                start_RTC
 .text.init_RTC
                0x0800216c      0x19c ..\obj\rtc.o
                0x0800216c                init_RTC
 .text.UINT32_TO_STREAM_f
                0x08002308       0x64 ..\obj\cc3000_common.o
                0x08002308                UINT32_TO_STREAM_f
 .text.UINT16_TO_STREAM_f
                0x0800236c       0x40 ..\obj\cc3000_common.o
                0x0800236c                UINT16_TO_STREAM_f
 .text.STREAM_TO_UINT16_f
                0x080023ac       0x38 ..\obj\cc3000_common.o
                0x080023ac                STREAM_TO_UINT16_f
 .text.STREAM_TO_UINT32_f
                0x080023e4       0x58 ..\obj\cc3000_common.o
                0x080023e4                STREAM_TO_UINT32_f
 .text.init_LED
                0x0800243c       0x80 ..\obj\led.o
                0x0800243c                init_LED
 .text.InsertToTCBRdyList
                0x080024bc      0x130 ..\obj\task.o
                0x080024bc                InsertToTCBRdyList
 .text.RemoveFromTCBRdyList
                0x080025ec       0xa4 ..\obj\task.o
                0x080025ec                RemoveFromTCBRdyList
 .text.Schedule
                0x08002690      0x194 ..\obj\task.o
                0x08002690                Schedule
 .text.Default_Reset_Handler
                0x08002824       0x7c ..\obj\startup_stm32f4xx.o
                0x08002824                Default_Reset_Handler
                0x08002824                Reset_Handler
 .text.Default_Handler
                0x080028a0        0x8 ..\obj\startup_stm32f4xx.o
                0x080028a0                HASH_RNG_IRQHandler
                0x080028a0                TIM8_CC_IRQHandler
                0x080028a0                TIM1_CC_IRQHandler
                0x080028a0                DMA2_Stream5_IRQHandler
                0x080028a0                DMA1_Stream5_IRQHandler
                0x080028a0                PVD_IRQHandler
                0x080028a0                SDIO_IRQHandler
                0x080028a0                TAMP_STAMP_IRQHandler
                0x080028a0                CAN2_RX1_IRQHandler
                0x080028a0                TIM8_TRG_COM_TIM14_IRQHandler
                0x080028a0                TIM1_UP_TIM10_IRQHandler
                0x080028a0                TIM8_UP_TIM13_IRQHandler
                0x080028a0                I2C3_ER_IRQHandler
                0x080028a0                I2C2_EV_IRQHandler
                0x080028a0                DMA1_Stream2_IRQHandler
                0x080028a0                CAN1_RX0_IRQHandler
                0x080028a0                FPU_IRQHandler
                0x080028a0                OTG_HS_WKUP_IRQHandler
                0x080028a0                CAN2_SCE_IRQHandler
                0x080028a0                DMA2_Stream2_IRQHandler
                0x080028a0                SPI1_IRQHandler
                0x080028a0                TIM1_BRK_TIM9_IRQHandler
                0x080028a0                DCMI_IRQHandler
                0x080028a0                CAN2_RX0_IRQHandler
                0x080028a0                DMA2_Stream3_IRQHandler
                0x080028a0                USART3_IRQHandler
                0x080028a0                CRYP_IRQHandler
                0x080028a0                CAN1_RX1_IRQHandler
                0x080028a0                UART5_IRQHandler
                0x080028a0                DMA2_Stream0_IRQHandler
                0x080028a0                TIM4_IRQHandler
                0x080028a0                I2C1_EV_IRQHandler
                0x080028a0                DMA1_Stream6_IRQHandler
                0x080028a0                DMA1_Stream1_IRQHandler
                0x080028a0                UART4_IRQHandler
                0x080028a0                TIM3_IRQHandler
                0x080028a0                RCC_IRQHandler
                0x080028a0                TIM8_BRK_TIM12_IRQHandler
                0x080028a0                DMA1_Stream7_IRQHandler
                0x080028a0                CAN2_TX_IRQHandler
                0x080028a0                DMA2_Stream7_IRQHandler
                0x080028a0                I2C3_EV_IRQHandler
                0x080028a0                ETH_WKUP_IRQHandler
                0x080028a0                SPI2_IRQHandler
                0x080028a0                OTG_HS_EP1_IN_IRQHandler
                0x080028a0                DMA1_Stream0_IRQHandler
                0x080028a0                CAN1_TX_IRQHandler
                0x080028a0                FSMC_IRQHandler
                0x080028a0                ETH_IRQHandler
                0x080028a0                OTG_HS_EP1_OUT_IRQHandler
                0x080028a0                TIM2_IRQHandler
                0x080028a0                OTG_FS_WKUP_IRQHandler
                0x080028a0                TIM1_TRG_COM_TIM11_IRQHandler
                0x080028a0                OTG_HS_IRQHandler
                0x080028a0                I2C2_ER_IRQHandler
                0x080028a0                DMA2_Stream1_IRQHandler
                0x080028a0                CAN1_SCE_IRQHandler
                0x080028a0                FLASH_IRQHandler
                0x080028a0                DMA2_Stream4_IRQHandler
                0x080028a0                USART1_IRQHandler
                0x080028a0                OTG_FS_IRQHandler
                0x080028a0                SPI3_IRQHandler
                0x080028a0                I2C1_ER_IRQHandler
                0x080028a0                DMA1_Stream3_IRQHandler
 .text.RespondSRQ
                0x080028a8      0x15c ..\obj\serviceReq.o
                0x080028a8                RespondSRQ
 .text.NVIC_SetPriority
                0x08002a04       0x5c ..\obj\patch.o
 .text.SysTick_Config
                0x08002a60       0x64 ..\obj\patch.o
 .text.PATCH_UsynchCallback
                0x08002ac4       0x18 ..\obj\patch.o
                0x08002ac4                PATCH_UsynchCallback
 .text.initDriver
                0x08002adc      0x138 ..\obj\patch.o
                0x08002adc                initDriver
 .text.fat_write_content
                0x08002c14      0x124 ..\obj\patch.o
                0x08002c14                fat_write_content
 .text.patch    0x08002d38      0x494 ..\obj\patch.o
                0x08002d38                patch
 .text.main     0x080031cc       0x50 ..\obj\main.o
                0x080031cc                main
 .text.RCC_LSEConfig
                0x0800321c       0x60 ..\obj\stm32f4xx_rcc.o
                0x0800321c                RCC_LSEConfig
 .text.RCC_GetClocksFreq
                0x0800327c      0x1cc ..\obj\stm32f4xx_rcc.o
                0x0800327c                RCC_GetClocksFreq
 .text.RCC_RTCCLKConfig
                0x08003448       0x74 ..\obj\stm32f4xx_rcc.o
                0x08003448                RCC_RTCCLKConfig
 .text.RCC_RTCCLKCmd
                0x080034bc       0x20 ..\obj\stm32f4xx_rcc.o
                0x080034bc                RCC_RTCCLKCmd
 .text.RCC_AHB1PeriphClockCmd
                0x080034dc       0x54 ..\obj\stm32f4xx_rcc.o
                0x080034dc                RCC_AHB1PeriphClockCmd
 .text.RCC_APB1PeriphClockCmd
                0x08003530       0x54 ..\obj\stm32f4xx_rcc.o
                0x08003530                RCC_APB1PeriphClockCmd
 .text.RCC_APB2PeriphClockCmd
                0x08003584       0x54 ..\obj\stm32f4xx_rcc.o
                0x08003584                RCC_APB2PeriphClockCmd
 .text.RCC_GetFlagStatus
                0x080035d8       0x90 ..\obj\stm32f4xx_rcc.o
                0x080035d8                RCC_GetFlagStatus
 .text.NVIC_SetPriority
                0x08003668       0x5c ..\obj\init.o
 .text.SysTick_Config
                0x080036c4       0x64 ..\obj\init.o
 .text.InitSysTick
                0x08003728       0x30 ..\obj\init.o
                0x08003728                InitSysTick
 .text.ADC_GetITStatus
                0x08003758       0x6c ..\obj\stm32f4xx_adc.o
                0x08003758                ADC_GetITStatus
 .text.SimpleLink_Init_Start
                0x080037c4       0x5c ..\obj\wlan.o
 .text.wlan_init
                0x08003820       0x88 ..\obj\wlan.o
                0x08003820                wlan_init
 .text.SpiReceiveHandler
                0x080038a8       0x30 ..\obj\wlan.o
                0x080038a8                SpiReceiveHandler
 .text.wlan_start
                0x080038d8       0xf8 ..\obj\wlan.o
                0x080038d8                wlan_start
 .text.wlan_stop
                0x080039d0       0x58 ..\obj\wlan.o
                0x080039d0                wlan_stop
 .text.wlan_ioctl_set_connection_policy
                0x08003a28       0x6c ..\obj\wlan.o
                0x08003a28                wlan_ioctl_set_connection_policy
 .text.wlan_ioctl_get_scan_results
                0x08003a94       0x50 ..\obj\wlan.o
                0x08003a94                wlan_ioctl_get_scan_results
 .text.wlan_ioctl_set_scan_params
                0x08003ae4       0xd0 ..\obj\wlan.o
                0x08003ae4                wlan_ioctl_set_scan_params
 .text.wlan_set_event_mask
                0x08003bb4       0xac ..\obj\wlan.o
                0x08003bb4                wlan_set_event_mask
 .text.wlan_smart_config_set_prefix
                0x08003c60       0x9c ..\obj\wlan.o
                0x08003c60                wlan_smart_config_set_prefix
 .text.CoPostMail
                0x08003cfc       0x90 ..\obj\mbox.o
                0x08003cfc                CoPostMail
 .text.wait_uSek_CC1101
                0x08003d8c       0x40 ..\obj\CC1101.o
                0x08003d8c                wait_uSek_CC1101
 .text.spiInitTrx
                0x08003dcc       0xa8 ..\obj\CC1101.o
                0x08003dcc                spiInitTrx
 .text.trx_spi  0x08003e74       0x78 ..\obj\CC1101.o
                0x08003e74                trx_spi
 .text.spiWriteReg
                0x08003eec       0x3c ..\obj\CC1101.o
                0x08003eec                spiWriteReg
 .text.spiReadReg
                0x08003f28       0x44 ..\obj\CC1101.o
                0x08003f28                spiReadReg
 .text.spiStrobe
                0x08003f6c       0x30 ..\obj\CC1101.o
                0x08003f6c                spiStrobe
 .text.spiWriteBurstReg
                0x08003f9c       0x60 ..\obj\CC1101.o
                0x08003f9c                spiWriteBurstReg
 .text.spiReadBurstReg
                0x08003ffc       0x64 ..\obj\CC1101.o
                0x08003ffc                spiReadBurstReg
 .text.spiReadStatus
                0x08004060       0x44 ..\obj\CC1101.o
                0x08004060                spiReadStatus
 .text.reset_CC1101
                0x080040a4       0x28 ..\obj\CC1101.o
                0x080040a4                reset_CC1101
 .text.powerUpReset
                0x080040cc       0x48 ..\obj\CC1101.o
                0x080040cc                powerUpReset
 .text.set_CHANNEL
                0x08004114       0x6c ..\obj\CC1101.o
                0x08004114                set_CHANNEL
 .text.init_CC1101
                0x08004180       0x9c ..\obj\CC1101.o
                0x08004180                init_CC1101
 .text.init_CC1101_SPI1
                0x0800421c      0x168 ..\obj\CC1101.o
                0x0800421c                init_CC1101_SPI1
 .text.init_CC1101_IRQ5
                0x08004384       0xec ..\obj\CC1101.o
                0x08004384                init_CC1101_IRQ5
 .text.ISR_IRQ5_CC1101
                0x08004470       0x58 ..\obj\CC1101.o
                0x08004470                ISR_IRQ5_CC1101
 .text.set_ID   0x080044c8       0x40 ..\obj\CC1101.o
                0x080044c8                set_ID
 .text.receive_Packet
                0x08004508       0xc8 ..\obj\CC1101.o
                0x08004508                receive_Packet
 .text.print_Packet
                0x080045d0      0x154 ..\obj\CC1101.o
                0x080045d0                print_Packet
 .text.RemoveDelayList
                0x08004724       0xc8 ..\obj\time.o
                0x08004724                RemoveDelayList
 .text.TimeDispose
                0x080047ec       0x88 ..\obj\time.o
                0x080047ec                TimeDispose
 .text.isr_TimeDispose
                0x08004874       0x38 ..\obj\time.o
                0x08004874                isr_TimeDispose
 .text.EventTaskToRdy
                0x080048ac       0xdc ..\obj\event.o
                0x080048ac                EventTaskToRdy
 .text.RemoveEventWaittingList
                0x08004988       0xac ..\obj\event.o
                0x08004988                RemoveEventWaittingList
 .text.GPIO_Init
                0x08004a34      0x144 ..\obj\stm32f4xx_gpio.o
                0x08004a34                GPIO_Init
 .text.GPIO_StructInit
                0x08004b78       0x3c ..\obj\stm32f4xx_gpio.o
                0x08004b78                GPIO_StructInit
 .text.GPIO_ReadInputDataBit
                0x08004bb4       0x3c ..\obj\stm32f4xx_gpio.o
                0x08004bb4                GPIO_ReadInputDataBit
 .text.GPIO_SetBits
                0x08004bf0       0x1c ..\obj\stm32f4xx_gpio.o
                0x08004bf0                GPIO_SetBits
 .text.GPIO_ResetBits
                0x08004c0c       0x1c ..\obj\stm32f4xx_gpio.o
                0x08004c0c                GPIO_ResetBits
 .text.GPIO_ToggleBits
                0x08004c28       0x24 ..\obj\stm32f4xx_gpio.o
                0x08004c28                GPIO_ToggleBits
 .text.GPIO_PinAFConfig
                0x08004c4c       0xa8 ..\obj\stm32f4xx_gpio.o
                0x08004c4c                GPIO_PinAFConfig
 .text.SystemInit
                0x08004cf4       0xb0 ..\obj\system_stm32f4xx.o
                0x08004cf4                SystemInit
 .text.SetSysClock
                0x08004da4      0x1e0 ..\obj\system_stm32f4xx.o
 .text._sbrk    0x08004f84       0x5c ..\obj\syscalls.o
                0x08004f84                _sbrk
 .text.DMA_Init
                0x08004fe0       0xb0 ..\obj\stm32f4xx_dma.o
                0x08004fe0                DMA_Init
 .text.DMA_StructInit
                0x08005090       0x8c ..\obj\stm32f4xx_dma.o
                0x08005090                DMA_StructInit
 .text.DMA_Cmd  0x0800511c       0x38 ..\obj\stm32f4xx_dma.o
                0x0800511c                DMA_Cmd
 .text.DMA_SetCurrDataCounter
                0x08005154       0x1c ..\obj\stm32f4xx_dma.o
                0x08005154                DMA_SetCurrDataCounter
 .text.DMA_GetCurrDataCounter
                0x08005170       0x1c ..\obj\stm32f4xx_dma.o
                0x08005170                DMA_GetCurrDataCounter
 .text.DMA_MemoryTargetConfig
                0x0800518c       0x2c ..\obj\stm32f4xx_dma.o
                0x0800518c                DMA_MemoryTargetConfig
 .text.DMA_GetFlagStatus
                0x080051b8       0x84 ..\obj\stm32f4xx_dma.o
                0x080051b8                DMA_GetFlagStatus
 .text.DMA_ClearFlag
                0x0800523c       0x60 ..\obj\stm32f4xx_dma.o
                0x0800523c                DMA_ClearFlag
 .text.DMA_ITConfig
                0x0800529c       0x74 ..\obj\stm32f4xx_dma.o
                0x0800529c                DMA_ITConfig
 .text.CoPostQueueMail
                0x08005310       0xcc ..\obj\queue.o
                0x08005310                CoPostQueueMail
 .text.IRQ_ENABLE_RESTORE
                0x080053dc       0x10 ..\obj\port.o
                0x080053dc                IRQ_ENABLE_RESTORE
 .text.IRQ_DISABLE_SAVE
                0x080053ec       0x10 ..\obj\port.o
                0x080053ec                IRQ_DISABLE_SAVE
 .text.SwitchContext
                0x080053fc       0x14 ..\obj\port.o
                0x080053fc                SwitchContext
 .text.PendSV_Handler
                0x08005410       0x4c ..\obj\port.o
                0x08005410                PendSV_Handler
 .text.CC3000_Init
                0x0800545c      0x184 ..\obj\CC3000.o
                0x0800545c                CC3000_Init
 .text.CC3000_Reset
                0x080055e0       0x40 ..\obj\CC3000.o
                0x080055e0                CC3000_Reset
 .text.CC3000_UsynchCallback
                0x08005620      0x674 ..\obj\CC3000.o
                0x08005620                CC3000_UsynchCallback
 .text.sendWLFWPatch
                0x08005c94       0x20 ..\obj\CC3000.o
                0x08005c94                sendWLFWPatch
 .text.sendDriverPatch
                0x08005cb4       0x20 ..\obj\CC3000.o
                0x08005cb4                sendDriverPatch
 .text.sendBootLoaderPatch
                0x08005cd4       0x20 ..\obj\CC3000.o
                0x08005cd4                sendBootLoaderPatch
 .text.CC3000_ScanNetworks
                0x08005cf4      0x220 ..\obj\CC3000.o
                0x08005cf4                CC3000_ScanNetworks
 .text.CC3000_printIPconfig
                0x08005f14      0x1b4 ..\obj\CC3000.o
                0x08005f14                CC3000_printIPconfig
 .text.CC3000_select
                0x080060c8      0x574 ..\obj\CC3000.o
                0x080060c8                CC3000_select
 .text.CoSetFlag
                0x0800663c      0x118 ..\obj\flag.o
                0x0800663c                CoSetFlag
 .text.RemoveFromLink
                0x08006754       0x5c ..\obj\flag.o
 .text.RemoveLinkNode
                0x080067b0       0xa4 ..\obj\flag.o
                0x080067b0                RemoveLinkNode
 .text.nvmem_read
                0x08006854       0x7c ..\obj\nvmem.o
                0x08006854                nvmem_read
 .text.nvmem_write
                0x080068d0       0x90 ..\obj\nvmem.o
                0x080068d0                nvmem_write
 .text.nvmem_set_mac_address
                0x08006960       0x28 ..\obj\nvmem.o
                0x08006960                nvmem_set_mac_address
 .text.nvmem_get_mac_address
                0x08006988       0x28 ..\obj\nvmem.o
                0x08006988                nvmem_get_mac_address
 .text.nvmem_write_patch
                0x080069b0       0x88 ..\obj\nvmem.o
                0x080069b0                nvmem_write_patch
 .text.nvmem_read_sp_version
                0x08006a38       0x4c ..\obj\nvmem.o
                0x08006a38                nvmem_read_sp_version
 .text.hci_unsol_handle_patch_request
                0x08006a84      0x158 ..\obj\evnt_handler.o
                0x08006a84                hci_unsol_handle_patch_request
 .text.hci_event_handler
                0x08006bdc      0x658 ..\obj\evnt_handler.o
                0x08006bdc                hci_event_handler
 .text.hci_unsol_event_handler
                0x08007234      0x3ac ..\obj\evnt_handler.o
                0x08007234                hci_unsol_event_handler
 .text.hci_unsolicited_event_handler
                0x080075e0       0x60 ..\obj\evnt_handler.o
                0x080075e0                hci_unsolicited_event_handler
 .text.set_socket_active_status
                0x08007640       0x74 ..\obj\evnt_handler.o
                0x08007640                set_socket_active_status
 .text.hci_event_unsol_flowcontrol_handler
                0x080076b4       0xa4 ..\obj\evnt_handler.o
 .text.get_socket_active_status
                0x08007758       0x48 ..\obj\evnt_handler.o
                0x08007758                get_socket_active_status
 .text.update_socket_active_status
                0x080077a0       0x40 ..\obj\evnt_handler.o
 .text.SimpleLinkWaitEvent
                0x080077e0       0x30 ..\obj\evnt_handler.o
                0x080077e0                SimpleLinkWaitEvent
 .text.SimpleLinkWaitData
                0x08007810       0x2c ..\obj\evnt_handler.o
                0x08007810                SimpleLinkWaitData
 .text.SPI_Init
                0x0800783c       0x88 ..\obj\stm32f4xx_spi.o
                0x0800783c                SPI_Init
 .text.SPI_StructInit
                0x080078c4       0x5c ..\obj\stm32f4xx_spi.o
                0x080078c4                SPI_StructInit
 .text.SPI_Cmd  0x08007920       0x40 ..\obj\stm32f4xx_spi.o
                0x08007920                SPI_Cmd
 .text.SPI_I2S_DMACmd
                0x08007960       0x48 ..\obj\stm32f4xx_spi.o
                0x08007960                SPI_I2S_DMACmd
 .text.SPI_I2S_GetFlagStatus
                0x080079a8       0x40 ..\obj\stm32f4xx_spi.o
                0x080079a8                SPI_I2S_GetFlagStatus
 .text.SPI_I2S_ClearFlag
                0x080079e8       0x24 ..\obj\stm32f4xx_spi.o
                0x080079e8                SPI_I2S_ClearFlag
 .text.init_CC3000_SPI
                0x08007a0c      0x524 ..\obj\cc3000_hal.o
                0x08007a0c                init_CC3000_SPI
 .text.CoOS_SysTick_Handler
                0x08007f30       0xe8 ..\obj\arch.o
                0x08007f30                CoOS_SysTick_Handler
 .text.EXTI_Init
                0x08008018      0x138 ..\obj\stm32f4xx_exti.o
                0x08008018                EXTI_Init
 .text.EXTI_ClearFlag
                0x08008150       0x20 ..\obj\stm32f4xx_exti.o
                0x08008150                EXTI_ClearFlag
 .text.EXTI_GetITStatus
                0x08008170       0x58 ..\obj\stm32f4xx_exti.o
                0x08008170                EXTI_GetITStatus
 .text.EXTI_ClearITPendingBit
                0x080081c8       0x20 ..\obj\stm32f4xx_exti.o
                0x080081c8                EXTI_ClearITPendingBit
 .text.NVIC_Init
                0x080081e8       0xe4 ..\obj\misc.o
                0x080081e8                NVIC_Init
 .text.CoPostSem
                0x080082cc       0x90 ..\obj\sem.o
                0x080082cc                CoPostSem
 .text.RTC_Init
                0x0800835c       0xc0 ..\obj\stm32f4xx_rtc.o
                0x0800835c                RTC_Init
 .text.RTC_EnterInitMode
                0x0800841c       0x94 ..\obj\stm32f4xx_rtc.o
                0x0800841c                RTC_EnterInitMode
 .text.RTC_ExitInitMode
                0x080084b0       0x24 ..\obj\stm32f4xx_rtc.o
                0x080084b0                RTC_ExitInitMode
 .text.RTC_WaitForSynchro
                0x080084d4       0xb0 ..\obj\stm32f4xx_rtc.o
                0x080084d4                RTC_WaitForSynchro
 .text.RTC_SetTime
                0x08008584      0x144 ..\obj\stm32f4xx_rtc.o
                0x08008584                RTC_SetTime
 .text.RTC_SetDate
                0x080086c8      0x140 ..\obj\stm32f4xx_rtc.o
                0x080086c8                RTC_SetDate
 .text.RTC_SetAlarm
                0x08008808      0x17c ..\obj\stm32f4xx_rtc.o
                0x08008808                RTC_SetAlarm
 .text.RTC_AlarmCmd
                0x08008984       0xe8 ..\obj\stm32f4xx_rtc.o
                0x08008984                RTC_AlarmCmd
 .text.RTC_WriteBackupRegister
                0x08008a6c       0x38 ..\obj\stm32f4xx_rtc.o
                0x08008a6c                RTC_WriteBackupRegister
 .text.RTC_ReadBackupRegister
                0x08008aa4       0x34 ..\obj\stm32f4xx_rtc.o
                0x08008aa4                RTC_ReadBackupRegister
 .text.RTC_ITConfig
                0x08008ad8       0xc0 ..\obj\stm32f4xx_rtc.o
                0x08008ad8                RTC_ITConfig
 .text.RTC_ClearFlag
                0x08008b98       0x40 ..\obj\stm32f4xx_rtc.o
                0x08008b98                RTC_ClearFlag
 .text.RTC_GetITStatus
                0x08008bd8       0x8c ..\obj\stm32f4xx_rtc.o
                0x08008bd8                RTC_GetITStatus
 .text.RTC_ClearITPendingBit
                0x08008c64       0x4c ..\obj\stm32f4xx_rtc.o
                0x08008c64                RTC_ClearITPendingBit
 .text.RTC_ByteToBcd2
                0x08008cb0       0x44 ..\obj\stm32f4xx_rtc.o
 .text.RTC_Bcd2ToByte
                0x08008cf4       0x40 ..\obj\stm32f4xx_rtc.o
 .text.CoStkOverflowHook
                0x08008d34        0xc ..\obj\hook.o
                0x08008d34                CoStkOverflowHook
 .text.uart_send
                0x08008d40       0x64 ..\obj\usart.o
                0x08008d40                uart_send
 .text.usart2_send
                0x08008da4       0x64 ..\obj\usart.o
                0x08008da4                usart2_send
 .text.usart2_init
                0x08008e08       0xb0 ..\obj\usart.o
                0x08008e08                usart2_init
 .text.__errno  0x08008eb8        0xc c:/program files/gnu tools arm embedded/4.7 2014q2/bin/../lib/gcc/arm-none-eabi/4.7.4/../../../../arm-none-eabi/lib/armv7e-m/fpu\libg.a(lib_a-errno.o)
                0x08008eb8                __errno
 .text._malloc_r
                0x08008ec4      0x55c c:/program files/gnu tools arm embedded/4.7 2014q2/bin/../lib/gcc/arm-none-eabi/4.7.4/../../../../arm-none-eabi/lib/armv7e-m/fpu\libg.a(lib_a-mallocr.o)
                0x08008ec4                _malloc_r
 .text.memcpy   0x08009420      0x144 c:/program files/gnu tools arm embedded/4.7 2014q2/bin/../lib/gcc/arm-none-eabi/4.7.4/../../../../arm-none-eabi/lib/armv7e-m/fpu\libg.a(lib_a-memcpy.o)
                0x08009420                memcpy
 .text.memset   0x08009564      0x12c c:/program files/gnu tools arm embedded/4.7 2014q2/bin/../lib/gcc/arm-none-eabi/4.7.4/../../../../arm-none-eabi/lib/armv7e-m/fpu\libg.a(lib_a-memset.o)
                0x08009564                memset
 .text.__malloc_lock
                0x08009690        0x4 c:/program files/gnu tools arm embedded/4.7 2014q2/bin/../lib/gcc/arm-none-eabi/4.7.4/../../../../arm-none-eabi/lib/armv7e-m/fpu\libg.a(lib_a-mlock.o)
                0x08009690                __malloc_lock
 .text.__malloc_unlock
                0x08009694        0x4 c:/program files/gnu tools arm embedded/4.7 2014q2/bin/../lib/gcc/arm-none-eabi/4.7.4/../../../../arm-none-eabi/lib/armv7e-m/fpu\libg.a(lib_a-mlock.o)
                0x08009694                __malloc_unlock
 .text._sbrk_r  0x08009698       0x24 c:/program files/gnu tools arm embedded/4.7 2014q2/bin/../lib/gcc/arm-none-eabi/4.7.4/../../../../arm-none-eabi/lib/armv7e-m/fpu\libg.a(lib_a-sbrkr.o)
                0x08009698                _sbrk_r
 .text.sprintf  0x080096bc       0x50 c:/program files/gnu tools arm embedded/4.7 2014q2/bin/../lib/gcc/arm-none-eabi/4.7.4/../../../../arm-none-eabi/lib/armv7e-m/fpu\libg.a(lib_a-sprintf.o)
                0x080096bc                sprintf
 .text.strcpy   0x0800970c       0xbc c:/program files/gnu tools arm embedded/4.7 2014q2/bin/../lib/gcc/arm-none-eabi/4.7.4/../../../../arm-none-eabi/lib/armv7e-m/fpu\libg.a(lib_a-strcpy.o)
                0x0800970c                strcpy
 .text.strlen   0x080097c8       0x60 c:/program files/gnu tools arm embedded/4.7 2014q2/bin/../lib/gcc/arm-none-eabi/4.7.4/../../../../arm-none-eabi/lib/armv7e-m/fpu\libg.a(lib_a-strlen.o)
                0x080097c8                strlen
 .text._svfprintf_r
                0x08009828     0x1b14 c:/program files/gnu tools arm embedded/4.7 2014q2/bin/../lib/gcc/arm-none-eabi/4.7.4/../../../../arm-none-eabi/lib/armv7e-m/fpu\libg.a(lib_a-svfprintf.o)
                0x08009828                _svfprintf_r
 .text.quorem   0x0800b33c      0x2ec c:/program files/gnu tools arm embedded/4.7 2014q2/bin/../lib/gcc/arm-none-eabi/4.7.4/../../../../arm-none-eabi/lib/armv7e-m/fpu\libg.a(lib_a-dtoa.o)
 .text._dtoa_r  0x0800b628     0x1260 c:/program files/gnu tools arm embedded/4.7 2014q2/bin/../lib/gcc/arm-none-eabi/4.7.4/../../../../arm-none-eabi/lib/armv7e-m/fpu\libg.a(lib_a-dtoa.o)
                0x0800b628                _dtoa_r
 .text._malloc_trim_r
                0x0800c888       0x98 c:/program files/gnu tools arm embedded/4.7 2014q2/bin/../lib/gcc/arm-none-eabi/4.7.4/../../../../arm-none-eabi/lib/armv7e-m/fpu\libg.a(lib_a-freer.o)
                0x0800c888                _malloc_trim_r
 .text._free_r  0x0800c920      0x194 c:/program files/gnu tools arm embedded/4.7 2014q2/bin/../lib/gcc/arm-none-eabi/4.7.4/../../../../arm-none-eabi/lib/armv7e-m/fpu\libg.a(lib_a-freer.o)
                0x0800c920                _free_r
 .text._localeconv_r
                0x0800cab4        0xc c:/program files/gnu tools arm embedded/4.7 2014q2/bin/../lib/gcc/arm-none-eabi/4.7.4/../../../../arm-none-eabi/lib/armv7e-m/fpu\libg.a(lib_a-locale.o)
                0x0800cab4                _localeconv_r
 .text.memchr   0x0800cac0      0x140 c:/program files/gnu tools arm embedded/4.7 2014q2/bin/../lib/gcc/arm-none-eabi/4.7.4/../../../../arm-none-eabi/lib/armv7e-m/fpu\libg.a(lib_a-memchr.o)
                0x0800cac0                memchr
 .text._Balloc  0x0800cc00       0x4c c:/program files/gnu tools arm embedded/4.7 2014q2/bin/../lib/gcc/arm-none-eabi/4.7.4/../../../../arm-none-eabi/lib/armv7e-m/fpu\libg.a(lib_a-mprec.o)
                0x0800cc00                _Balloc
 .text._Bfree   0x0800cc4c       0x14 c:/program files/gnu tools arm embedded/4.7 2014q2/bin/../lib/gcc/arm-none-eabi/4.7.4/../../../../arm-none-eabi/lib/armv7e-m/fpu\libg.a(lib_a-mprec.o)
                0x0800cc4c                _Bfree
 .text.__multadd
                0x0800cc60       0xf8 c:/program files/gnu tools arm embedded/4.7 2014q2/bin/../lib/gcc/arm-none-eabi/4.7.4/../../../../arm-none-eabi/lib/armv7e-m/fpu\libg.a(lib_a-mprec.o)
                0x0800cc60                __multadd
 .text.__hi0bits
                0x0800cd58       0x3c c:/program files/gnu tools arm embedded/4.7 2014q2/bin/../lib/gcc/arm-none-eabi/4.7.4/../../../../arm-none-eabi/lib/armv7e-m/fpu\libg.a(lib_a-mprec.o)
                0x0800cd58                __hi0bits
 .text.__lo0bits
                0x0800cd94       0x5c c:/program files/gnu tools arm embedded/4.7 2014q2/bin/../lib/gcc/arm-none-eabi/4.7.4/../../../../arm-none-eabi/lib/armv7e-m/fpu\libg.a(lib_a-mprec.o)
                0x0800cd94                __lo0bits
 .text.__i2b    0x0800cdf0       0x14 c:/program files/gnu tools arm embedded/4.7 2014q2/bin/../lib/gcc/arm-none-eabi/4.7.4/../../../../arm-none-eabi/lib/armv7e-m/fpu\libg.a(lib_a-mprec.o)
                0x0800cdf0                __i2b
 .text.__multiply
                0x0800ce04      0x2d0 c:/program files/gnu tools arm embedded/4.7 2014q2/bin/../lib/gcc/arm-none-eabi/4.7.4/../../../../arm-none-eabi/lib/armv7e-m/fpu\libg.a(lib_a-mprec.o)
                0x0800ce04                __multiply
 .text.__pow5mult
                0x0800d0d4       0x94 c:/program files/gnu tools arm embedded/4.7 2014q2/bin/../lib/gcc/arm-none-eabi/4.7.4/../../../../arm-none-eabi/lib/armv7e-m/fpu\libg.a(lib_a-mprec.o)
                0x0800d0d4                __pow5mult
 .text.__lshift
                0x0800d168      0x188 c:/program files/gnu tools arm embedded/4.7 2014q2/bin/../lib/gcc/arm-none-eabi/4.7.4/../../../../arm-none-eabi/lib/armv7e-m/fpu\libg.a(lib_a-mprec.o)
                0x0800d168                __lshift
 .text.__mcmp   0x0800d2f0       0x5c c:/program files/gnu tools arm embedded/4.7 2014q2/bin/../lib/gcc/arm-none-eabi/4.7.4/../../../../arm-none-eabi/lib/armv7e-m/fpu\libg.a(lib_a-mprec.o)
                0x0800d2f0                __mcmp
 .text.__mdiff  0x0800d34c      0x20c c:/program files/gnu tools arm embedded/4.7 2014q2/bin/../lib/gcc/arm-none-eabi/4.7.4/../../../../arm-none-eabi/lib/armv7e-m/fpu\libg.a(lib_a-mprec.o)
                0x0800d34c                __mdiff
 .text.__d2b    0x0800d558       0xb4 c:/program files/gnu tools arm embedded/4.7 2014q2/bin/../lib/gcc/arm-none-eabi/4.7.4/../../../../arm-none-eabi/lib/armv7e-m/fpu\libg.a(lib_a-mprec.o)
                0x0800d558                __d2b
 .text.__fpclassifyd
                0x0800d60c       0x70 c:/program files/gnu tools arm embedded/4.7 2014q2/bin/../lib/gcc/arm-none-eabi/4.7.4/../../../../arm-none-eabi/lib/armv7e-m/fpu\libg.a(lib_a-s_fpclassify.o)
                0x0800d60c                __fpclassifyd
 .text.__ssprint_r
                0x0800d67c      0x100 c:/program files/gnu tools arm embedded/4.7 2014q2/bin/../lib/gcc/arm-none-eabi/4.7.4/../../../../arm-none-eabi/lib/armv7e-m/fpu\libg.a(lib_a-svfiprintf.o)
                0x0800d67c                __ssprint_r
 .text._calloc_r
                0x0800d77c       0x60 c:/program files/gnu tools arm embedded/4.7 2014q2/bin/../lib/gcc/arm-none-eabi/4.7.4/../../../../arm-none-eabi/lib/armv7e-m/fpu\libg.a(lib_a-callocr.o)
                0x0800d77c                _calloc_r
 .text.memmove  0x0800d7dc      0x198 c:/program files/gnu tools arm embedded/4.7 2014q2/bin/../lib/gcc/arm-none-eabi/4.7.4/../../../../arm-none-eabi/lib/armv7e-m/fpu\libg.a(lib_a-memmove.o)
                0x0800d7dc                memmove
 .text._realloc_r
                0x0800d974      0x3dc c:/program files/gnu tools arm embedded/4.7 2014q2/bin/../lib/gcc/arm-none-eabi/4.7.4/../../../../arm-none-eabi/lib/armv7e-m/fpu\libg.a(lib_a-reallocr.o)
                0x0800d974                _realloc_r
 .text          0x0800dd50      0x370 c:/program files/gnu tools arm embedded/4.7 2014q2/bin/../lib/gcc/arm-none-eabi/4.7.4/armv7e-m/fpu\libgcc.a(_arm_addsubdf3.o)
                0x0800dd50                __aeabi_drsub
                0x0800dd58                __aeabi_dsub
                0x0800dd58                __subdf3
                0x0800dd5c                __aeabi_dadd
                0x0800dd5c                __adddf3
                0x0800dfd4                __floatunsidf
                0x0800dfd4                __aeabi_ui2d
                0x0800dff4                __floatsidf
                0x0800dff4                __aeabi_i2d
                0x0800e018                __aeabi_f2d
                0x0800e018                __extendsfdf2
                0x0800e054                __floatundidf
                0x0800e054                __aeabi_ul2d
                0x0800e064                __floatdidf
                0x0800e064                __aeabi_l2d
 .text          0x0800e0c0      0x424 c:/program files/gnu tools arm embedded/4.7 2014q2/bin/../lib/gcc/arm-none-eabi/4.7.4/armv7e-m/fpu\libgcc.a(_arm_muldivdf3.o)
                0x0800e0c0                __aeabi_dmul
                0x0800e0c0                __muldf3
                0x0800e314                __divdf3
                0x0800e314                __aeabi_ddiv
 .text          0x0800e4e4      0x110 c:/program files/gnu tools arm embedded/4.7 2014q2/bin/../lib/gcc/arm-none-eabi/4.7.4/armv7e-m/fpu\libgcc.a(_arm_cmpdf2.o)
                0x0800e4e4                __gtdf2
                0x0800e4e4                __gedf2
                0x0800e4ec                __ltdf2
                0x0800e4ec                __ledf2
                0x0800e4f4                __nedf2
                0x0800e4f4                __eqdf2
                0x0800e4f4                __cmpdf2
                0x0800e570                __aeabi_cdrcmple
                0x0800e580                __aeabi_cdcmpeq
                0x0800e580                __aeabi_cdcmple
                0x0800e590                __aeabi_dcmpeq
                0x0800e5a4                __aeabi_dcmplt
                0x0800e5b8                __aeabi_dcmple
                0x0800e5cc                __aeabi_dcmpge
                0x0800e5e0                __aeabi_dcmpgt
 .text          0x0800e5f4       0x50 c:/program files/gnu tools arm embedded/4.7 2014q2/bin/../lib/gcc/arm-none-eabi/4.7.4/armv7e-m/fpu\libgcc.a(_arm_fixdfsi.o)
                0x0800e5f4                __aeabi_d2iz
                0x0800e5f4                __fixdfsi
 .text          0x0800e644       0x2c c:/program files/gnu tools arm embedded/4.7 2014q2/bin/../lib/gcc/arm-none-eabi/4.7.4/armv7e-m/fpu\libgcc.a(_aeabi_uldivmod.o)
                0x0800e644                __aeabi_uldivmod
 .text          0x0800e670       0x58 c:/program files/gnu tools arm embedded/4.7 2014q2/bin/../lib/gcc/arm-none-eabi/4.7.4/armv7e-m/fpu\libgcc.a(bpabi.o)
                0x0800e670                __gnu_ldivmod_helper
                0x0800e69c                __gnu_uldivmod_helper
 .text          0x0800e6c8        0x4 c:/program files/gnu tools arm embedded/4.7 2014q2/bin/../lib/gcc/arm-none-eabi/4.7.4/armv7e-m/fpu\libgcc.a(_dvmd_tls.o)
                0x0800e6c8                __aeabi_idiv0
                0x0800e6c8                __aeabi_ldiv0
 .text          0x0800e6cc      0x2bc c:/program files/gnu tools arm embedded/4.7 2014q2/bin/../lib/gcc/arm-none-eabi/4.7.4/armv7e-m/fpu\libgcc.a(_divdi3.o)
                0x0800e6cc                __divdi3
 .text          0x0800e988      0x288 c:/program files/gnu tools arm embedded/4.7 2014q2/bin/../lib/gcc/arm-none-eabi/4.7.4/armv7e-m/fpu\libgcc.a(_udivdi3.o)
                0x0800e988                __udivdi3
 *(.init)
 *(.fini)
 *crtbegin.o(.ctors)
 *crtbegin?.o(.ctors)
 *(EXCLUDE_FILE(*crtend.o *crtend?.o) .ctors)
 *(SORT(.ctors.*))
 *(.ctors)
 *crtbegin.o(.dtors)
 *crtbegin?.o(.dtors)
 *(EXCLUDE_FILE(*crtend.o *crtend?.o) .dtors)
 *(SORT(.dtors.*))
 *(.dtors)
 *(.rodata*)
 .rodata        0x0800ec10       0x40 ..\obj\spi.o
 .rodata        0x0800ec50        0x4 ..\obj\interrupts.o
 .rodata        0x0800ec54     0x3998 ..\obj\patch.o
                0x0800ec54                wlan_drv_patch
                0x08010be0                fw_patch
                0x08012224                cRMdefaultParams
 .rodata        0x080125ec       0x5c ..\obj\CC1101.o
 .rodata        0x08012648      0xa08 ..\obj\CC3000.o
                0x08012648                smartconfigkey
 .rodata.str1.4
                0x08013050        0x2 c:/program files/gnu tools arm embedded/4.7 2014q2/bin/../lib/gcc/arm-none-eabi/4.7.4/../../../../arm-none-eabi/lib/armv7e-m/fpu\libg.a(lib_a-impure.o)
                                  0x4 (size before relaxing)
 *fill*         0x08013052        0x2 00
 .rodata.str1.4
                0x08013054       0x42 c:/program files/gnu tools arm embedded/4.7 2014q2/bin/../lib/gcc/arm-none-eabi/4.7.4/../../../../arm-none-eabi/lib/armv7e-m/fpu\libg.a(lib_a-svfprintf.o)
                                 0x44 (size before relaxing)
 *fill*         0x08013096        0x2 00
 .rodata.zeroes.6721
                0x08013098       0x10 c:/program files/gnu tools arm embedded/4.7 2014q2/bin/../lib/gcc/arm-none-eabi/4.7.4/../../../../arm-none-eabi/lib/armv7e-m/fpu\libg.a(lib_a-svfprintf.o)
 .rodata.blanks.6720
                0x080130a8       0x10 c:/program files/gnu tools arm embedded/4.7 2014q2/bin/../lib/gcc/arm-none-eabi/4.7.4/../../../../arm-none-eabi/lib/armv7e-m/fpu\libg.a(lib_a-svfprintf.o)
 .rodata.str1.4
                0x080130b8       0x10 c:/program files/gnu tools arm embedded/4.7 2014q2/bin/../lib/gcc/arm-none-eabi/4.7.4/../../../../arm-none-eabi/lib/armv7e-m/fpu\libg.a(lib_a-dtoa.o)
                                 0x14 (size before relaxing)
 .rodata.str1.4
                0x080130c8        0xc c:/program files/gnu tools arm embedded/4.7 2014q2/bin/../lib/gcc/arm-none-eabi/4.7.4/../../../../arm-none-eabi/lib/armv7e-m/fpu\libg.a(lib_a-locale.o)
                                 0x14 (size before relaxing)
 .rodata.p05.5242
                0x080130d4        0xc c:/program files/gnu tools arm embedded/4.7 2014q2/bin/../lib/gcc/arm-none-eabi/4.7.4/../../../../arm-none-eabi/lib/armv7e-m/fpu\libg.a(lib_a-mprec.o)
 .rodata.__mprec_tens
                0x080130e0       0xc8 c:/program files/gnu tools arm embedded/4.7 2014q2/bin/../lib/gcc/arm-none-eabi/4.7.4/../../../../arm-none-eabi/lib/armv7e-m/fpu\libg.a(lib_a-mprec.o)
                0x080130e0                __mprec_tens
 .rodata.__mprec_bigtens
                0x080131a8       0x28 c:/program files/gnu tools arm embedded/4.7 2014q2/bin/../lib/gcc/arm-none-eabi/4.7.4/../../../../arm-none-eabi/lib/armv7e-m/fpu\libg.a(lib_a-mprec.o)
                0x080131a8                __mprec_bigtens
 *(.eh_fram e*)

.glue_7         0x080131d0        0x0
 .glue_7        0x00000000        0x0 linker stubs

.glue_7t        0x080131d0        0x0
 .glue_7t       0x00000000        0x0 linker stubs

.vfp11_veneer   0x080131d0        0x0
 .vfp11_veneer  0x00000000        0x0 linker stubs

.v4_bx          0x080131d0        0x0
 .v4_bx         0x00000000        0x0 linker stubs

.iplt           0x080131d0        0x0
 .iplt          0x00000000        0x0 ..\obj\socket.o

.ARM.extab
 *(.ARM.extab* .gnu.linkonce.armextab.*)
                0x080131d0                __exidx_start = .

.ARM.exidx      0x080131d0        0x8
 *(.ARM.exidx* .gnu.linkonce.armexidx.*)
 .ARM.exidx     0x080131d0        0x8 c:/program files/gnu tools arm embedded/4.7 2014q2/bin/../lib/gcc/arm-none-eabi/4.7.4/armv7e-m/fpu\libgcc.a(_divdi3.o)
 .ARM.exidx     0x080131d8        0x0 c:/program files/gnu tools arm embedded/4.7 2014q2/bin/../lib/gcc/arm-none-eabi/4.7.4/armv7e-m/fpu\libgcc.a(_udivdi3.o)
                                  0x8 (size before relaxing)
                0x080131d8                __exidx_end = .
                0x080131d8                __etext = .
                0x080131d8                _sidata = __etext

.rel.dyn        0x080131d8        0x0
 .rel.iplt      0x00000000        0x0 ..\obj\socket.o

.data           0x20000000      0x9cc load address 0x080131d8
                0x20000000                __data_start__ = .
                0x20000000                _sdata = __data_start__
 *(vtable)
 *(.data*)
 .data          0x20000000       0x10 ..\obj\spi.o
                0x20000000                tSpiReadHeader
                0x2000000c                tx_spi
 .data          0x20000010       0x3c ..\obj\patch.o
                0x20000010                drv_length
                0x20000012                fw_length
                0x20000014                return_status
                0x20000015                mac_status
                0x20000018                aucCC3000_prefix
                0x2000001c                aFATEntries
 .data          0x2000004c       0x10 ..\obj\stm32f4xx_rcc.o
 .data          0x2000005c       0x64 ..\obj\CC1101.o
                0x2000005c                ID
                0x2000005d                paTableIndex
                0x20000060                paTable
                0x20000074                FREQ2
                0x20000080                FREQ1
                0x2000008c                FREQ0
                0x20000098                conf
 .data          0x200000c0       0x14 ..\obj\system_stm32f4xx.o
                0x200000c0                SystemCoreClock
                0x200000c4                AHBPrescTable
 .data          0x200000d4        0xc ..\obj\port.o
                0x200000d4                NVIC_INT_CTRL
                0x200000d8                NVIC_PENDSVSET
                0x200000dc                INT_EXIT
 .data          0x200000e0       0x74 ..\obj\CC3000.o
                0x200000e0                CC3000_NetScanLength
                0x200000e4                ssid
                0x200000e8                wLANkey
                0x200000ec                handle_mDNS
                0x200000f0                handle_HTTP
                0x200000f4                handle_NTP
                0x200000f8                handle_Protokoll
                0x200000fc                handle_NetBIOS
                0x20000100                handle_HTTP_Client
                0x20000104                s_ConnectedLen
                0x20000108                handle_DB
                0x2000010c                port
                0x20000110                zu
                0x20000114                intervale
 .data          0x20000154        0x4 ..\obj\evnt_handler.o
                0x20000154                socket_active_status
 .data.impure_data
                0x20000158      0x428 c:/program files/gnu tools arm embedded/4.7 2014q2/bin/../lib/gcc/arm-none-eabi/4.7.4/../../../../arm-none-eabi/lib/armv7e-m/fpu\libg.a(lib_a-impure.o)
 .data._impure_ptr
                0x20000580        0x4 c:/program files/gnu tools arm embedded/4.7 2014q2/bin/../lib/gcc/arm-none-eabi/4.7.4/../../../../arm-none-eabi/lib/armv7e-m/fpu\libg.a(lib_a-impure.o)
                0x20000580                _impure_ptr
 .data.__malloc_av_
                0x20000584      0x408 c:/program files/gnu tools arm embedded/4.7 2014q2/bin/../lib/gcc/arm-none-eabi/4.7.4/../../../../arm-none-eabi/lib/armv7e-m/fpu\libg.a(lib_a-mallocr.o)
                0x20000584                __malloc_av_
 .data.__malloc_trim_threshold
                0x2000098c        0x4 c:/program files/gnu tools arm embedded/4.7 2014q2/bin/../lib/gcc/arm-none-eabi/4.7.4/../../../../arm-none-eabi/lib/armv7e-m/fpu\libg.a(lib_a-mallocr.o)
                0x2000098c                __malloc_trim_threshold
 .data.__malloc_sbrk_base
                0x20000990        0x4 c:/program files/gnu tools arm embedded/4.7 2014q2/bin/../lib/gcc/arm-none-eabi/4.7.4/../../../../arm-none-eabi/lib/armv7e-m/fpu\libg.a(lib_a-mallocr.o)
                0x20000990                __malloc_sbrk_base
 .data.lconv    0x20000994       0x38 c:/program files/gnu tools arm embedded/4.7 2014q2/bin/../lib/gcc/arm-none-eabi/4.7.4/../../../../arm-none-eabi/lib/armv7e-m/fpu\libg.a(lib_a-locale.o)
                0x200009cc                . = ALIGN (0x4)
                0x200009cc                PROVIDE (__preinit_array_start, .)
 *(.preinit_array)
                0x200009cc                PROVIDE (__preinit_array_end, .)
                0x200009cc                . = ALIGN (0x4)
                0x200009cc                PROVIDE (__init_array_start, .)
 *(SORT(.init_array.*))
 *(.init_array)
                0x200009cc                PROVIDE (__init_array_end, .)
                0x200009cc                . = ALIGN (0x4)
                0x200009cc                PROVIDE (__fini_array_start, .)
 *(SORT(.fini_array.*))
 *(.fini_array)
                0x200009cc                PROVIDE (__fini_array_end, .)
 *(.jcr*)
                0x200009cc                . = ALIGN (0x4)
                0x200009cc                __data_end__ = .
                0x200009cc                _edata = __data_end__

.igot.plt       0x200009cc        0x0 load address 0x08013ba4
 .igot.plt      0x00000000        0x0 ..\obj\socket.o

.bss            0x200009d0     0x74bc load address 0x08013ba8
                0x200009d0                . = ALIGN (0x4)
                0x200009d0                __bss_start__ = .
                0x200009d0                _sbss = __bss_start__
 *(.bss*)
 .bss           0x200009d0        0x3 ..\obj\core.o
                0x200009d0                OSIntNesting
                0x200009d1                OSSchedLock
                0x200009d2                TaskSchedReq
 *fill*         0x200009d3        0x1 00
 .bss           0x200009d4       0x3c ..\obj\interrupts.o
                0x200009d4                A_wert
                0x200009d6                B_wert
                0x200009d8                start_wert
                0x200009da                end_wert
                0x200009dc                messung_der_periodendauer
                0x200009e0                differenz_wert
                0x200009e4                timer
                0x200009e8                Tas1
                0x200009ec                Tas2
                0x200009f0                T1
                0x200009f2                T2
                0x200009f4                frequenz
                0x200009f8                periodendauer
                0x200009fc                j
 .bss           0x20000a10       0x38 ..\obj\timer.o
                0x20000a10                TmrTbl
                0x20000a40                TmrList
                0x20000a44                TmrIDVessel
 .bss           0x20000a48      0x208 ..\obj\task.o
                0x20000a48                TCBTbl
                0x20000b50                idle_stk
                0x20000c38                FreeTCB
                0x20000c3c                TCBRdy
                0x20000c40                TCBNext
                0x20000c44                TCBRunning
                0x20000c48                OSCheckTime
 .bss           0x20000c50       0x30 ..\obj\serviceReq.o
                0x20000c50                ServiceReq
                0x20000c7c                IsrReq
                0x20000c7d                TimeReq
                0x20000c7e                TimerReq
 .bss           0x20000c80        0x1 ..\obj\patch.o
                0x20000c80                counter
 *fill*         0x20000c81        0x3 00
 .bss           0x20000c84        0x4 ..\obj\time.o
                0x20000c84                DlyList
 .bss           0x20000c88      0x144 ..\obj\event.o
                0x20000c88                EventTbl
                0x20000dc8                FreeEventList
 .bss           0x20000dcc        0x4 ..\obj\syscalls.o
 .bss           0x20000dd0       0x38 ..\obj\CC3000.o
                0x20000dd0                CC3000_DHCP_done
                0x20000dd1                CC3000_is_Connected
                0x20000dd2                CC3000_is_ON
                0x20000dd3                CC3000_SmartConfig_active
                0x20000dd4                CC3000_SmartConfig_finished
                0x20000dd5                CC3000_SmartConfig_stop
                0x20000dd8                CC3000_SOCKET_WAIT_DISCONNECT
                0x20000ddc                check
                0x20000de0                ipConfig
                0x20000df4                S3_WaitForAnswer
                0x20000df5                S4_WaitForAnswer
                0x20000df6                S_ClientConnected
                0x20000df7                flag
                0x20000df8                frx
                0x20000dfc                trx
                0x20000e00                smtpServerIP
                0x20000e04                wlanStatus
 .bss           0x20000e08       0x14 ..\obj\flag.o
                0x20000e08                FlagCrl
 *fill*         0x20000e1c        0x4 00
 .bss           0x20000e20        0x8 ..\obj\arch.o
                0x20000e20                OSTickCnt
 .bss.__malloc_max_total_mem
                0x20000e28        0x4 c:/program files/gnu tools arm embedded/4.7 2014q2/bin/../lib/gcc/arm-none-eabi/4.7.4/../../../../arm-none-eabi/lib/armv7e-m/fpu\libg.a(lib_a-mallocr.o)
                0x20000e28                __malloc_max_total_mem
 .bss.__malloc_max_sbrked_mem
                0x20000e2c        0x4 c:/program files/gnu tools arm embedded/4.7 2014q2/bin/../lib/gcc/arm-none-eabi/4.7.4/../../../../arm-none-eabi/lib/armv7e-m/fpu\libg.a(lib_a-mallocr.o)
                0x20000e2c                __malloc_max_sbrked_mem
 .bss.__malloc_top_pad
                0x20000e30        0x4 c:/program files/gnu tools arm embedded/4.7 2014q2/bin/../lib/gcc/arm-none-eabi/4.7.4/../../../../arm-none-eabi/lib/armv7e-m/fpu\libg.a(lib_a-mallocr.o)
                0x20000e30                __malloc_top_pad
 .bss.__malloc_current_mallinfo
                0x20000e34       0x28 c:/program files/gnu tools arm embedded/4.7 2014q2/bin/../lib/gcc/arm-none-eabi/4.7.4/../../../../arm-none-eabi/lib/armv7e-m/fpu\libg.a(lib_a-mallocr.o)
                0x20000e34                __malloc_current_mallinfo
 *(COMMON)
 COMMON         0x20000e5c      0xbf4 ..\obj\spi.o
                0x20000e5c                sSpiInformation
                0x20000e70                wlan_tx_buffer
                0x20001460                wlan_rx_buffer
 COMMON         0x20001a50       0x68 ..\obj\rtc.o
                0x20001a50                RTC_Init_Struct
                0x20001a5c                ntp_sync_stop_Date
                0x20001a60                ntp_sync_stop_Time
                0x20001a64                ntp_sync_startTime
                0x20001a68                RTC_Alarm_Struct
                0x20001a78                RTC_Time_Aktuell
                0x20001a7c                RTC_Time_Struct
                0x20001a80                RTC_Date_Struct
                0x20001a84                RTC_InitStructure
                0x20001a90                NVIC_InitStruct
                0x20001a94                RTC_Alarm_Aktuell
                0x20001aa4                ntp_sync_startDate
                0x20001aa8                EXTI_InitStruct
                0x20001ab0                RTC_TimeStructure
                0x20001ab4                RTC_Date_Aktuell
 COMMON         0x20001ab8       0xe4 ..\obj\patch.o
                0x20001ab8                ucStatus_FW
                0x20001abc                cRMParamsFromEeprom
                0x20001b3c                is_allocated
                0x20001b48                write_protected
                0x20001b54                ucStatus_Dr
                0x20001b58                cMacFromEeprom
                0x20001b60                file_length
                0x20001b78                file_address
                0x20001b90                is_valid
 COMMON         0x20001b9c       0x98 ..\obj\wlan.o
                0x20001b9c                profileArray
                0x20001be0                tSLInformation
                0x20001c24                key
 COMMON         0x20001c34       0x82 ..\obj\CC1101.o
                0x20001c34                TxCC1100
                0x20001c74                RxCC1100
 *fill*         0x20001cb6        0x2 00
 COMMON         0x20001cb8     0x61d0 ..\obj\CC3000.o
                0x20001cb8                exceptsds
                0x20001cbc                S_ConnectedClient
                0x20001ccc                rx_daten
                0x200024cc                tx_daten
                0x20002ccc                my_IP
                0x20002cdc                socket_Handles
                0x20002cec                udp_socket
                0x20002cf0                from
                0x20002d30                readds
                0x20002d34                apProfiles
                0x20002f64                tcp_socket
                0x20002f68                strScanresults
                0x20002f9c                sockets
                0x20002fdc                tSocketAddr
                0x20002fec                profile
                0x20003054                rx_buf
                0x20005054                timeout
                0x2000505c                write_cbs
                0x2000506c                tx_buf
                0x2000706c                read_cbs
                0x2000707c                socket_Type
                0x20007084                except_cbs
                0x20007094                visibleNetworks
                0x200075bc                buffer_out
                0x200079bc                writeds
                0x200079c0                cc3000_out
 COMMON         0x20007e88        0x4 c:/program files/gnu tools arm embedded/4.7 2014q2/bin/../lib/gcc/arm-none-eabi/4.7.4/../../../../arm-none-eabi/lib/armv7e-m/fpu\libg.a(lib_a-reent.o)
                0x20007e88                errno
                0x20007e8c                . = ALIGN (0x4)
                0x20007e8c                __bss_end__ = .
                0x20007e8c                _ebss = __bss_end__

.heap           0x20007e8c        0x0
                0x20007e8c                __end__ = .
                0x20007e8c                _end = __end__
                0x20007e8c                end = __end__
 *(.heap*)
                0x20007e8c                __HeapLimit = .

.co_stack       0x20007e8c     0x1004 load address 0x0801b064
                0x20007e90                . = ALIGN (0x8)
 *fill*         0x20007e8c        0x4 00
 *(.co_stack .co_stack.*)
 .co_stack      0x20007e90     0x1000 ..\obj\startup_stm32f4xx.o
                0x20007e90                pulStack
                0x20020000                __StackTop = (ORIGIN (ram) + 0x20000)
                0x2001effc                __StackLimit = (__StackTop - SIZEOF (.co_stack))
                0x20020000                PROVIDE (__stack, __StackTop)
                0x00000001                ASSERT ((__StackLimit >= __HeapLimit), region ram  overflowed with stack)
LOAD ..\obj\socket.o
LOAD ..\obj\stm32f4xx_syscfg.o
LOAD ..\obj\spi.o
LOAD ..\obj\kernelHeap.o
LOAD ..\obj\hci.o
LOAD ..\obj\stm32f4xx_sdio.o
LOAD ..\obj\i2c.o
LOAD ..\obj\netapp.o
LOAD ..\obj\core.o
LOAD ..\obj\stm32f4xx_cryp_aes.o
LOAD ..\obj\stm32f4xx_hash.o
LOAD ..\obj\interrupts.o
LOAD ..\obj\stm32f4xx_hash_sha1.o
LOAD ..\obj\timer.o
LOAD ..\obj\utility.o
LOAD ..\obj\os.o
LOAD ..\obj\stm32f4xx_usart.o
LOAD ..\obj\stm32f4xx_pwr.o
LOAD ..\obj\rtc.o
LOAD ..\obj\stm32f4xx_can.o
LOAD ..\obj\cc3000_common.o
LOAD ..\obj\led.o
LOAD ..\obj\stm32f4xx_wwdg.o
LOAD ..\obj\stm32f4xx_hash_md5.o
LOAD ..\obj\stm32f4xx_dac.o
LOAD ..\obj\task.o
LOAD ..\obj\startup_stm32f4xx.o
LOAD ..\obj\serviceReq.o
LOAD ..\obj\patch.o
LOAD ..\obj\stm32f4xx_crc.o
LOAD ..\obj\stm32f4xx_iwdg.o
LOAD ..\obj\aufgabe.o
LOAD ..\obj\main.o
LOAD ..\obj\stm32f4xx_rcc.o
LOAD ..\obj\init.o
LOAD ..\obj\stm32f4xx_adc.o
LOAD ..\obj\wlan.o
LOAD ..\obj\stm32f4xx_dcmi.o
LOAD ..\obj\mbox.o
LOAD ..\obj\mm.o
LOAD ..\obj\security.o
LOAD ..\obj\CC1101.o
LOAD ..\obj\stm32f4xx_cryp_des.o
LOAD ..\obj\stm32f4xx_cryp.o
LOAD ..\obj\stm32f4xx_fsmc.o
LOAD ..\obj\time.o
LOAD ..\obj\event.o
LOAD ..\obj\stm32f4xx_gpio.o
LOAD ..\obj\stm32f4xx_flash.o
LOAD ..\obj\system_stm32f4xx.o
LOAD ..\obj\syscalls.o
LOAD ..\obj\stm32f4xx_dma.o
LOAD ..\obj\queue.o
LOAD ..\obj\port.o
LOAD ..\obj\CC3000.o
LOAD ..\obj\mutex.o
LOAD ..\obj\flag.o
LOAD ..\obj\nvmem.o
LOAD ..\obj\ntp.o
LOAD ..\obj\evnt_handler.o
LOAD ..\obj\stm32f4xx_spi.o
LOAD ..\obj\stm32f4xx_i2c.o
LOAD ..\obj\cc3000_hal.o
LOAD ..\obj\arch.o
LOAD ..\obj\stm32f4xx_rng.o
LOAD ..\obj\stm32f4xx_exti.o
LOAD ..\obj\misc.o
LOAD ..\obj\TCA6416.o
LOAD ..\obj\sem.o
LOAD ..\obj\stm32f4xx_rtc.o
LOAD ..\obj\hook.o
LOAD ..\obj\stm32f4xx_cryp_tdes.o
LOAD ..\obj\stm32f4xx_tim.o
LOAD ..\obj\stm32f4xx_dbgmcu.o
LOAD ..\obj\usart.o
START GROUP
LOAD c:/program files/gnu tools arm embedded/4.7 2014q2/bin/../lib/gcc/arm-none-eabi/4.7.4/armv7e-m/fpu\libgcc.a
LOAD c:/program files/gnu tools arm embedded/4.7 2014q2/bin/../lib/gcc/arm-none-eabi/4.7.4/../../../../arm-none-eabi/lib/armv7e-m/fpu\libg.a
LOAD c:/program files/gnu tools arm embedded/4.7 2014q2/bin/../lib/gcc/arm-none-eabi/4.7.4/../../../../arm-none-eabi/lib/armv7e-m/fpu\libc.a
END GROUP
OUTPUT(STM32F415RG.elf elf32-littlearm)

.debug_info     0x00000000    0x14969
 .debug_info    0x00000000      0xf00 ..\obj\socket.o
 .debug_info    0x00000f00      0x279 ..\obj\stm32f4xx_syscfg.o
 .debug_info    0x00001179     0x102e ..\obj\spi.o
 .debug_info    0x000021a7      0x30c ..\obj\hci.o
 .debug_info    0x000024b3      0x320 ..\obj\core.o
 .debug_info    0x000027d3      0x7ad ..\obj\interrupts.o
 .debug_info    0x00002f80      0x40d ..\obj\timer.o
 .debug_info    0x0000338d      0xa65 ..\obj\stm32f4xx_usart.o
 .debug_info    0x00003df2      0x543 ..\obj\stm32f4xx_pwr.o
 .debug_info    0x00004335      0xcb7 ..\obj\rtc.o
 .debug_info    0x00004fec      0x266 ..\obj\cc3000_common.o
 .debug_info    0x00005252      0x2a9 ..\obj\led.o
 .debug_info    0x000054fb      0x760 ..\obj\task.o
 .debug_info    0x00005c5b      0x103 ..\obj\startup_stm32f4xx.o
 .debug_info    0x00005d5e      0x203 ..\obj\serviceReq.o
 .debug_info    0x00005f61      0xbed ..\obj\patch.o
 .debug_info    0x00006b4e      0x209 ..\obj\main.o
 .debug_info    0x00006d57      0xd49 ..\obj\stm32f4xx_rcc.o
 .debug_info    0x00007aa0      0x7c8 ..\obj\init.o
 .debug_info    0x00008268      0xd14 ..\obj\stm32f4xx_adc.o
 .debug_info    0x00008f7c      0xccc ..\obj\wlan.o
 .debug_info    0x00009c48      0x467 ..\obj\mbox.o
 .debug_info    0x0000a0af      0xe76 ..\obj\CC1101.o
 .debug_info    0x0000af25      0x42d ..\obj\time.o
 .debug_info    0x0000b352      0x50c ..\obj\event.o
 .debug_info    0x0000b85e      0x640 ..\obj\stm32f4xx_gpio.o
 .debug_info    0x0000be9e      0x5f5 ..\obj\system_stm32f4xx.o
 .debug_info    0x0000c493      0x443 ..\obj\syscalls.o
 .debug_info    0x0000c8d6      0x7af ..\obj\stm32f4xx_dma.o
 .debug_info    0x0000d085      0x58c ..\obj\queue.o
 .debug_info    0x0000d611      0x1be ..\obj\port.o
 .debug_info    0x0000d7cf     0x1583 ..\obj\CC3000.o
 .debug_info    0x0000ed52      0x6b2 ..\obj\flag.o
 .debug_info    0x0000f404      0x5e1 ..\obj\nvmem.o
 .debug_info    0x0000f9e5      0x962 ..\obj\evnt_handler.o
 .debug_info    0x00010347      0xbde ..\obj\stm32f4xx_spi.o
 .debug_info    0x00010f25      0xb45 ..\obj\cc3000_hal.o
 .debug_info    0x00011a6a      0x345 ..\obj\arch.o
 .debug_info    0x00011daf      0x373 ..\obj\stm32f4xx_exti.o
 .debug_info    0x00012122      0x592 ..\obj\misc.o
 .debug_info    0x000126b4      0x427 ..\obj\sem.o
 .debug_info    0x00012adb     0x1255 ..\obj\stm32f4xx_rtc.o
 .debug_info    0x00013d30       0xca ..\obj\hook.o
 .debug_info    0x00013dfa      0xb6f ..\obj\usart.o

.debug_abbrev   0x00000000     0x42f6
 .debug_abbrev  0x00000000      0x1bb ..\obj\socket.o
 .debug_abbrev  0x000001bb      0x133 ..\obj\stm32f4xx_syscfg.o
 .debug_abbrev  0x000002ee      0x2d3 ..\obj\spi.o
 .debug_abbrev  0x000005c1       0xf6 ..\obj\hci.o
 .debug_abbrev  0x000006b7       0xf7 ..\obj\core.o
 .debug_abbrev  0x000007ae      0x1ed ..\obj\interrupts.o
 .debug_abbrev  0x0000099b      0x196 ..\obj\timer.o
 .debug_abbrev  0x00000b31      0x157 ..\obj\stm32f4xx_usart.o
 .debug_abbrev  0x00000c88      0x181 ..\obj\stm32f4xx_pwr.o
 .debug_abbrev  0x00000e09      0x24a ..\obj\rtc.o
 .debug_abbrev  0x00001053       0xef ..\obj\cc3000_common.o
 .debug_abbrev  0x00001142      0x101 ..\obj\led.o
 .debug_abbrev  0x00001243      0x1f1 ..\obj\task.o
 .debug_abbrev  0x00001434       0xb2 ..\obj\startup_stm32f4xx.o
 .debug_abbrev  0x000014e6      0x116 ..\obj\serviceReq.o
 .debug_abbrev  0x000015fc      0x205 ..\obj\patch.o
 .debug_abbrev  0x00001801       0xf2 ..\obj\main.o
 .debug_abbrev  0x000018f3      0x1e5 ..\obj\stm32f4xx_rcc.o
 .debug_abbrev  0x00001ad8      0x1aa ..\obj\init.o
 .debug_abbrev  0x00001c82      0x198 ..\obj\stm32f4xx_adc.o
 .debug_abbrev  0x00001e1a      0x1fe ..\obj\wlan.o
 .debug_abbrev  0x00002018      0x161 ..\obj\mbox.o
 .debug_abbrev  0x00002179      0x29a ..\obj\CC1101.o
 .debug_abbrev  0x00002413      0x196 ..\obj\time.o
 .debug_abbrev  0x000025a9      0x1d6 ..\obj\event.o
 .debug_abbrev  0x0000277f      0x1a5 ..\obj\stm32f4xx_gpio.o
 .debug_abbrev  0x00002924      0x138 ..\obj\system_stm32f4xx.o
 .debug_abbrev  0x00002a5c       0xe4 ..\obj\syscalls.o
 .debug_abbrev  0x00002b40      0x157 ..\obj\stm32f4xx_dma.o
 .debug_abbrev  0x00002c97      0x181 ..\obj\queue.o
 .debug_abbrev  0x00002e18      0x101 ..\obj\port.o
 .debug_abbrev  0x00002f19      0x289 ..\obj\CC3000.o
 .debug_abbrev  0x000031a2      0x1b3 ..\obj\flag.o
 .debug_abbrev  0x00003355      0x18c ..\obj\nvmem.o
 .debug_abbrev  0x000034e1      0x22d ..\obj\evnt_handler.o
 .debug_abbrev  0x0000370e      0x169 ..\obj\stm32f4xx_spi.o
 .debug_abbrev  0x00003877      0x157 ..\obj\cc3000_hal.o
 .debug_abbrev  0x000039ce      0x113 ..\obj\arch.o
 .debug_abbrev  0x00003ae1      0x1a7 ..\obj\stm32f4xx_exti.o
 .debug_abbrev  0x00003c88      0x129 ..\obj\misc.o
 .debug_abbrev  0x00003db1      0x152 ..\obj\sem.o
 .debug_abbrev  0x00003f03      0x1b0 ..\obj\stm32f4xx_rtc.o
 .debug_abbrev  0x000040b3       0x8c ..\obj\hook.o
 .debug_abbrev  0x0000413f      0x1b7 ..\obj\usart.o

.debug_loc      0x00000000     0x75b9
 .debug_loc     0x00000000      0x3f4 ..\obj\socket.o
 .debug_loc     0x000003f4      0x144 ..\obj\stm32f4xx_syscfg.o
 .debug_loc     0x00000538      0x3ec ..\obj\spi.o
 .debug_loc     0x00000924       0xe0 ..\obj\hci.o
 .debug_loc     0x00000a04      0x160 ..\obj\core.o
 .debug_loc     0x00000b64      0x4bc ..\obj\interrupts.o
 .debug_loc     0x00001020      0x224 ..\obj\timer.o
 .debug_loc     0x00001244      0x658 ..\obj\stm32f4xx_usart.o
 .debug_loc     0x0000189c      0x288 ..\obj\stm32f4xx_pwr.o
 .debug_loc     0x00001b24      0x3a8 ..\obj\rtc.o
 .debug_loc     0x00001ecc      0x118 ..\obj\cc3000_common.o
 .debug_loc     0x00001fe4       0x38 ..\obj\led.o
 .debug_loc     0x0000201c      0x288 ..\obj\task.o
 .debug_loc     0x000022a4       0x64 ..\obj\startup_stm32f4xx.o
 .debug_loc     0x00002308       0x70 ..\obj\serviceReq.o
 .debug_loc     0x00002378      0x18f ..\obj\patch.o
 .debug_loc     0x00002507       0x3a ..\obj\main.o
 .debug_loc     0x00002541      0x97c ..\obj\stm32f4xx_rcc.o
 .debug_loc     0x00002ebd      0x100 ..\obj\init.o
 .debug_loc     0x00002fbd      0x838 ..\obj\stm32f4xx_adc.o
 .debug_loc     0x000037f5      0x3e6 ..\obj\wlan.o
 .debug_loc     0x00003bdb      0x150 ..\obj\mbox.o
 .debug_loc     0x00003d2b      0x4ce ..\obj\CC1101.o
 .debug_loc     0x000041f9      0x1a8 ..\obj\time.o
 .debug_loc     0x000043a1      0x188 ..\obj\event.o
 .debug_loc     0x00004529      0x310 ..\obj\stm32f4xx_gpio.o
 .debug_loc     0x00004839       0x9c ..\obj\system_stm32f4xx.o
 .debug_loc     0x000048d5      0x1ec ..\obj\syscalls.o
 .debug_loc     0x00004ac1      0x428 ..\obj\stm32f4xx_dma.o
 .debug_loc     0x00004ee9      0x150 ..\obj\queue.o
 .debug_loc     0x00005039       0xc8 ..\obj\port.o
 .debug_loc     0x00005101      0x520 ..\obj\CC3000.o
 .debug_loc     0x00005621      0x2a0 ..\obj\flag.o
 .debug_loc     0x000058c1      0x188 ..\obj\nvmem.o
 .debug_loc     0x00005a49      0x234 ..\obj\evnt_handler.o
 .debug_loc     0x00005c7d      0x578 ..\obj\stm32f4xx_spi.o
 .debug_loc     0x000061f5       0x3a ..\obj\cc3000_hal.o
 .debug_loc     0x0000622f       0x64 ..\obj\arch.o
 .debug_loc     0x00006293      0x1b4 ..\obj\stm32f4xx_exti.o
 .debug_loc     0x00006447      0x118 ..\obj\misc.o
 .debug_loc     0x0000655f      0x150 ..\obj\sem.o
 .debug_loc     0x000066af      0xc48 ..\obj\stm32f4xx_rtc.o
 .debug_loc     0x000072f7       0x70 ..\obj\hook.o
 .debug_loc     0x00007367      0x252 ..\obj\usart.o

.debug_aranges  0x00000000     0x1580
 .debug_aranges
                0x00000000       0xa8 ..\obj\socket.o
 .debug_aranges
                0x000000a8       0x48 ..\obj\stm32f4xx_syscfg.o
 .debug_aranges
                0x000000f0       0xb0 ..\obj\spi.o
 .debug_aranges
                0x000001a0       0x38 ..\obj\hci.o
 .debug_aranges
                0x000001d8       0x58 ..\obj\core.o
 .debug_aranges
                0x00000230       0xf0 ..\obj\interrupts.o
 .debug_aranges
                0x00000320       0x68 ..\obj\timer.o
 .debug_aranges
                0x00000388      0x100 ..\obj\stm32f4xx_usart.o
 .debug_aranges
                0x00000488       0x78 ..\obj\stm32f4xx_pwr.o
 .debug_aranges
                0x00000500       0xa0 ..\obj\rtc.o
 .debug_aranges
                0x000005a0       0x40 ..\obj\cc3000_common.o
 .debug_aranges
                0x000005e0       0x20 ..\obj\led.o
 .debug_aranges
                0x00000600       0x78 ..\obj\task.o
 .debug_aranges
                0x00000678       0x28 ..\obj\startup_stm32f4xx.o
 .debug_aranges
                0x000006a0       0x28 ..\obj\serviceReq.o
 .debug_aranges
                0x000006c8       0x50 ..\obj\patch.o
 .debug_aranges
                0x00000718       0x20 ..\obj\main.o
 .debug_aranges
                0x00000738      0x178 ..\obj\stm32f4xx_rcc.o
 .debug_aranges
                0x000008b0       0x40 ..\obj\init.o
 .debug_aranges
                0x000008f0      0x148 ..\obj\stm32f4xx_adc.o
 .debug_aranges
                0x00000a38       0xa8 ..\obj\wlan.o
 .debug_aranges
                0x00000ae0       0x48 ..\obj\mbox.o
 .debug_aranges
                0x00000b28       0xd0 ..\obj\CC1101.o
 .debug_aranges
                0x00000bf8       0x58 ..\obj\time.o
 .debug_aranges
                0x00000c50       0x50 ..\obj\event.o
 .debug_aranges
                0x00000ca0       0x88 ..\obj\stm32f4xx_gpio.o
 .debug_aranges
                0x00000d28       0x30 ..\obj\system_stm32f4xx.o
 .debug_aranges
                0x00000d58       0x60 ..\obj\syscalls.o
 .debug_aranges
                0x00000db8       0xb0 ..\obj\stm32f4xx_dma.o
 .debug_aranges
                0x00000e68       0x48 ..\obj\queue.o
 .debug_aranges
                0x00000eb0       0x50 ..\obj\port.o
 .debug_aranges
                0x00000f00       0xd0 ..\obj\CC3000.o
 .debug_aranges
                0x00000fd0       0x78 ..\obj\flag.o
 .debug_aranges
                0x00001048       0x50 ..\obj\nvmem.o
 .debug_aranges
                0x00001098       0x68 ..\obj\evnt_handler.o
 .debug_aranges
                0x00001100       0xe0 ..\obj\stm32f4xx_spi.o
 .debug_aranges
                0x000011e0       0x20 ..\obj\cc3000_hal.o
 .debug_aranges
                0x00001200       0x28 ..\obj\arch.o
 .debug_aranges
                0x00001228       0x58 ..\obj\stm32f4xx_exti.o
 .debug_aranges
                0x00001280       0x40 ..\obj\misc.o
 .debug_aranges
                0x000012c0       0x48 ..\obj\sem.o
 .debug_aranges
                0x00001308      0x1e0 ..\obj\stm32f4xx_rtc.o
 .debug_aranges
                0x000014e8       0x28 ..\obj\hook.o
 .debug_aranges
                0x00001510       0x70 ..\obj\usart.o

.debug_ranges   0x00000000     0x12c0
 .debug_ranges  0x00000000       0x98 ..\obj\socket.o
 .debug_ranges  0x00000098       0x38 ..\obj\stm32f4xx_syscfg.o
 .debug_ranges  0x000000d0       0xa0 ..\obj\spi.o
 .debug_ranges  0x00000170       0x28 ..\obj\hci.o
 .debug_ranges  0x00000198       0x48 ..\obj\core.o
 .debug_ranges  0x000001e0       0xe0 ..\obj\interrupts.o
 .debug_ranges  0x000002c0       0x58 ..\obj\timer.o
 .debug_ranges  0x00000318       0xf0 ..\obj\stm32f4xx_usart.o
 .debug_ranges  0x00000408       0x68 ..\obj\stm32f4xx_pwr.o
 .debug_ranges  0x00000470       0x90 ..\obj\rtc.o
 .debug_ranges  0x00000500       0x30 ..\obj\cc3000_common.o
 .debug_ranges  0x00000530       0x10 ..\obj\led.o
 .debug_ranges  0x00000540       0x68 ..\obj\task.o
 .debug_ranges  0x000005a8       0x18 ..\obj\startup_stm32f4xx.o
 .debug_ranges  0x000005c0       0x18 ..\obj\serviceReq.o
 .debug_ranges  0x000005d8       0x40 ..\obj\patch.o
 .debug_ranges  0x00000618       0x10 ..\obj\main.o
 .debug_ranges  0x00000628      0x168 ..\obj\stm32f4xx_rcc.o
 .debug_ranges  0x00000790       0x30 ..\obj\init.o
 .debug_ranges  0x000007c0      0x138 ..\obj\stm32f4xx_adc.o
 .debug_ranges  0x000008f8       0x98 ..\obj\wlan.o
 .debug_ranges  0x00000990       0x38 ..\obj\mbox.o
 .debug_ranges  0x000009c8       0xc0 ..\obj\CC1101.o
 .debug_ranges  0x00000a88       0x48 ..\obj\time.o
 .debug_ranges  0x00000ad0       0x40 ..\obj\event.o
 .debug_ranges  0x00000b10       0x78 ..\obj\stm32f4xx_gpio.o
 .debug_ranges  0x00000b88       0x20 ..\obj\system_stm32f4xx.o
 .debug_ranges  0x00000ba8       0x50 ..\obj\syscalls.o
 .debug_ranges  0x00000bf8       0xa0 ..\obj\stm32f4xx_dma.o
 .debug_ranges  0x00000c98       0x38 ..\obj\queue.o
 .debug_ranges  0x00000cd0       0x40 ..\obj\port.o
 .debug_ranges  0x00000d10       0xc0 ..\obj\CC3000.o
 .debug_ranges  0x00000dd0       0x68 ..\obj\flag.o
 .debug_ranges  0x00000e38       0x40 ..\obj\nvmem.o
 .debug_ranges  0x00000e78       0x58 ..\obj\evnt_handler.o
 .debug_ranges  0x00000ed0       0xd0 ..\obj\stm32f4xx_spi.o
 .debug_ranges  0x00000fa0       0x10 ..\obj\cc3000_hal.o
 .debug_ranges  0x00000fb0       0x18 ..\obj\arch.o
 .debug_ranges  0x00000fc8       0x48 ..\obj\stm32f4xx_exti.o
 .debug_ranges  0x00001010       0x30 ..\obj\misc.o
 .debug_ranges  0x00001040       0x38 ..\obj\sem.o
 .debug_ranges  0x00001078      0x1d0 ..\obj\stm32f4xx_rtc.o
 .debug_ranges  0x00001248       0x18 ..\obj\hook.o
 .debug_ranges  0x00001260       0x60 ..\obj\usart.o

.debug_line     0x00000000     0x7bf1
 .debug_line    0x00000000      0x42f ..\obj\socket.o
 .debug_line    0x0000042f      0x1dc ..\obj\stm32f4xx_syscfg.o
 .debug_line    0x0000060b      0x4d6 ..\obj\spi.o
 .debug_line    0x00000ae1      0x1d5 ..\obj\hci.o
 .debug_line    0x00000cb6      0x126 ..\obj\core.o
 .debug_line    0x00000ddc      0x3c0 ..\obj\interrupts.o
 .debug_line    0x0000119c      0x201 ..\obj\timer.o
 .debug_line    0x0000139d      0x465 ..\obj\stm32f4xx_usart.o
 .debug_line    0x00001802      0x279 ..\obj\stm32f4xx_pwr.o
 .debug_line    0x00001a7b      0x4bb ..\obj\rtc.o
 .debug_line    0x00001f36      0x1cc ..\obj\cc3000_common.o
 .debug_line    0x00002102      0x1b7 ..\obj\led.o
 .debug_line    0x000022b9      0x2f0 ..\obj\task.o
 .debug_line    0x000025a9       0x9f ..\obj\startup_stm32f4xx.o
 .debug_line    0x00002648       0xd5 ..\obj\serviceReq.o
 .debug_line    0x0000271d      0x342 ..\obj\patch.o
 .debug_line    0x00002a5f      0x1a0 ..\obj\main.o
 .debug_line    0x00002bff      0x55c ..\obj\stm32f4xx_rcc.o
 .debug_line    0x0000315b      0x227 ..\obj\init.o
 .debug_line    0x00003382      0x515 ..\obj\stm32f4xx_adc.o
 .debug_line    0x00003897      0x482 ..\obj\wlan.o
 .debug_line    0x00003d19      0x13d ..\obj\mbox.o
 .debug_line    0x00003e56      0x524 ..\obj\CC1101.o
 .debug_line    0x0000437a      0x1de ..\obj\time.o
 .debug_line    0x00004558      0x1b7 ..\obj\event.o
 .debug_line    0x0000470f      0x300 ..\obj\stm32f4xx_gpio.o
 .debug_line    0x00004a0f      0x1bc ..\obj\system_stm32f4xx.o
 .debug_line    0x00004bcb      0x1a0 ..\obj\syscalls.o
 .debug_line    0x00004d6b      0x39d ..\obj\stm32f4xx_dma.o
 .debug_line    0x00005108      0x189 ..\obj\queue.o
 .debug_line    0x00005291      0x125 ..\obj\port.o
 .debug_line    0x000053b6      0x6c4 ..\obj\CC3000.o
 .debug_line    0x00005a7a      0x266 ..\obj\flag.o
 .debug_line    0x00005ce0      0x222 ..\obj\nvmem.o
 .debug_line    0x00005f02      0x400 ..\obj\evnt_handler.o
 .debug_line    0x00006302      0x414 ..\obj\stm32f4xx_spi.o
 .debug_line    0x00006716      0x2ab ..\obj\cc3000_hal.o
 .debug_line    0x000069c1       0xf4 ..\obj\arch.o
 .debug_line    0x00006ab5      0x266 ..\obj\stm32f4xx_exti.o
 .debug_line    0x00006d1b      0x206 ..\obj\misc.o
 .debug_line    0x00006f21      0x132 ..\obj\sem.o
 .debug_line    0x00007053      0x7d1 ..\obj\stm32f4xx_rtc.o
 .debug_line    0x00007824       0x90 ..\obj\hook.o
 .debug_line    0x000078b4      0x33d ..\obj\usart.o

.debug_str      0x00000000     0x655f
 .debug_str     0x00000000      0x6b7 ..\obj\socket.o
                                0x79e (size before relaxing)
 .debug_str     0x000006b7      0x1a3 ..\obj\stm32f4xx_syscfg.o
                                0x29f (size before relaxing)
 .debug_str     0x0000085a      0xa2a ..\obj\spi.o
                                0xe1b (size before relaxing)
 .debug_str     0x00001284       0xf8 ..\obj\hci.o
                                0x27a (size before relaxing)
 .debug_str     0x0000137c      0x190 ..\obj\core.o
                                0x251 (size before relaxing)
 .debug_str     0x0000150c      0x368 ..\obj\interrupts.o
                                0x541 (size before relaxing)
 .debug_str     0x00001874      0x14c ..\obj\timer.o
                                0x23f (size before relaxing)
 .debug_str     0x000019c0      0x48d ..\obj\stm32f4xx_usart.o
                                0x62f (size before relaxing)
 .debug_str     0x00001e4d      0x1d8 ..\obj\stm32f4xx_pwr.o
                                0x331 (size before relaxing)
 .debug_str     0x00002025      0x43c ..\obj\rtc.o
                                0xc75 (size before relaxing)
 .debug_str     0x00002461       0xa8 ..\obj\cc3000_common.o
                                0x222 (size before relaxing)
 .debug_str     0x00002509      0x18a ..\obj\led.o
                                0x2e2 (size before relaxing)
 .debug_str     0x00002693      0x21c ..\obj\task.o
                                0x3f0 (size before relaxing)
 .debug_str     0x000028af       0xad ..\obj\startup_stm32f4xx.o
                                0x111 (size before relaxing)
 .debug_str     0x0000295c       0x9d ..\obj\serviceReq.o
                                0x177 (size before relaxing)
 .debug_str     0x000029f9      0x204 ..\obj\patch.o
                                0x9a8 (size before relaxing)
 .debug_str     0x00002bfd       0x83 ..\obj\main.o
                                0x1fb (size before relaxing)
 .debug_str     0x00002c80      0x5e0 ..\obj\stm32f4xx_rcc.o
                                0x7f0 (size before relaxing)
 .debug_str     0x00003260       0x6e ..\obj\init.o
                                0x811 (size before relaxing)
 .debug_str     0x000032ce      0x5df ..\obj\stm32f4xx_adc.o
                                0x7a4 (size before relaxing)
 .debug_str     0x000038ad      0x426 ..\obj\wlan.o
                                0x7be (size before relaxing)
 .debug_str     0x00003cd3       0x8f ..\obj\mbox.o
                                0x292 (size before relaxing)
 .debug_str     0x00003d62      0x2db ..\obj\CC1101.o
                                0xce3 (size before relaxing)
 .debug_str     0x0000403d       0xc8 ..\obj\time.o
                                0x2ae (size before relaxing)
 .debug_str     0x00004105       0xe2 ..\obj\event.o
                                0x2f9 (size before relaxing)
 .debug_str     0x000041e7      0x19a ..\obj\stm32f4xx_gpio.o
                                0x443 (size before relaxing)
 .debug_str     0x00004381       0xa5 ..\obj\system_stm32f4xx.o
                                0x34a (size before relaxing)
 .debug_str     0x00004426      0x156 ..\obj\syscalls.o
                                0x2a5 (size before relaxing)
 .debug_str     0x0000457c      0x35f ..\obj\stm32f4xx_dma.o
                                0x4ec (size before relaxing)
 .debug_str     0x000048db       0xad ..\obj\queue.o
                                0x2f6 (size before relaxing)
 .debug_str     0x00004988       0xc3 ..\obj\port.o
                                0x191 (size before relaxing)
 .debug_str     0x00004a4b      0x645 ..\obj\CC3000.o
                                0xa3e (size before relaxing)
 .debug_str     0x00005090      0x1a8 ..\obj\flag.o
                                0x36f (size before relaxing)
 .debug_str     0x00005238      0x119 ..\obj\nvmem.o
                                0x4be (size before relaxing)
 .debug_str     0x00005351      0x255 ..\obj\evnt_handler.o
                                0x6f3 (size before relaxing)
 .debug_str     0x000055a6      0x2ed ..\obj\stm32f4xx_spi.o
                                0x62a (size before relaxing)
 .debug_str     0x00005893       0x5b ..\obj\cc3000_hal.o
                                0xe3a (size before relaxing)
 .debug_str     0x000058ee       0x6d ..\obj\arch.o
                                0x276 (size before relaxing)
 .debug_str     0x0000595b       0xed ..\obj\stm32f4xx_exti.o
                                0x30e (size before relaxing)
 .debug_str     0x00005a48       0xf9 ..\obj\misc.o
                                0x379 (size before relaxing)
 .debug_str     0x00005b41       0x87 ..\obj\sem.o
                                0x295 (size before relaxing)
 .debug_str     0x00005bc8      0x84b ..\obj\stm32f4xx_rtc.o
                                0xaf3 (size before relaxing)
 .debug_str     0x00006413       0x5b ..\obj\hook.o
                                0x124 (size before relaxing)
 .debug_str     0x0000646e       0xf1 ..\obj\usart.o
                                0xbb9 (size before relaxing)

.comment        0x00000000       0x70
 .comment       0x00000000       0x70 ..\obj\socket.o
                                 0x71 (size before relaxing)
 .comment       0x00000000       0x71 ..\obj\stm32f4xx_syscfg.o
 .comment       0x00000000       0x71 ..\obj\spi.o
 .comment       0x00000000       0x71 ..\obj\hci.o
 .comment       0x00000000       0x71 ..\obj\core.o
 .comment       0x00000000       0x71 ..\obj\interrupts.o
 .comment       0x00000000       0x71 ..\obj\timer.o
 .comment       0x00000000       0x71 ..\obj\stm32f4xx_usart.o
 .comment       0x00000000       0x71 ..\obj\stm32f4xx_pwr.o
 .comment       0x00000000       0x71 ..\obj\rtc.o
 .comment       0x00000000       0x71 ..\obj\cc3000_common.o
 .comment       0x00000000       0x71 ..\obj\led.o
 .comment       0x00000000       0x71 ..\obj\task.o
 .comment       0x00000000       0x71 ..\obj\startup_stm32f4xx.o
 .comment       0x00000000       0x71 ..\obj\serviceReq.o
 .comment       0x00000000       0x71 ..\obj\patch.o
 .comment       0x00000000       0x71 ..\obj\main.o
 .comment       0x00000000       0x71 ..\obj\stm32f4xx_rcc.o
 .comment       0x00000000       0x71 ..\obj\init.o
 .comment       0x00000000       0x71 ..\obj\stm32f4xx_adc.o
 .comment       0x00000000       0x71 ..\obj\wlan.o
 .comment       0x00000000       0x71 ..\obj\mbox.o
 .comment       0x00000000       0x71 ..\obj\CC1101.o
 .comment       0x00000000       0x71 ..\obj\time.o
 .comment       0x00000000       0x71 ..\obj\event.o
 .comment       0x00000000       0x71 ..\obj\stm32f4xx_gpio.o
 .comment       0x00000000       0x71 ..\obj\system_stm32f4xx.o
 .comment       0x00000000       0x71 ..\obj\syscalls.o
 .comment       0x00000000       0x71 ..\obj\stm32f4xx_dma.o
 .comment       0x00000000       0x71 ..\obj\queue.o
 .comment       0x00000000       0x71 ..\obj\port.o
 .comment       0x00000000       0x71 ..\obj\CC3000.o
 .comment       0x00000000       0x71 ..\obj\flag.o
 .comment       0x00000000       0x71 ..\obj\nvmem.o
 .comment       0x00000000       0x71 ..\obj\evnt_handler.o
 .comment       0x00000000       0x71 ..\obj\stm32f4xx_spi.o
 .comment       0x00000000       0x71 ..\obj\cc3000_hal.o
 .comment       0x00000000       0x71 ..\obj\arch.o
 .comment       0x00000000       0x71 ..\obj\stm32f4xx_exti.o
 .comment       0x00000000       0x71 ..\obj\misc.o
 .comment       0x00000000       0x71 ..\obj\sem.o
 .comment       0x00000000       0x71 ..\obj\stm32f4xx_rtc.o
 .comment       0x00000000       0x71 ..\obj\hook.o
 .comment       0x00000000       0x71 ..\obj\usart.o

.ARM.attributes
                0x00000000       0x3b
 .ARM.attributes
                0x00000000       0x3b ..\obj\socket.o
 .ARM.attributes
                0x0000003b       0x3b ..\obj\stm32f4xx_syscfg.o
 .ARM.attributes
                0x00000076       0x3b ..\obj\spi.o
 .ARM.attributes
                0x000000b1       0x3b ..\obj\hci.o
 .ARM.attributes
                0x000000ec       0x3b ..\obj\core.o
 .ARM.attributes
                0x00000127       0x3b ..\obj\interrupts.o
 .ARM.attributes
                0x00000162       0x3b ..\obj\timer.o
 .ARM.attributes
                0x0000019d       0x3b ..\obj\stm32f4xx_usart.o
 .ARM.attributes
                0x000001d8       0x3b ..\obj\stm32f4xx_pwr.o
 .ARM.attributes
                0x00000213       0x3b ..\obj\rtc.o
 .ARM.attributes
                0x0000024e       0x3b ..\obj\cc3000_common.o
 .ARM.attributes
                0x00000289       0x3b ..\obj\led.o
 .ARM.attributes
                0x000002c4       0x3b ..\obj\task.o
 .ARM.attributes
                0x000002ff       0x3b ..\obj\startup_stm32f4xx.o
 .ARM.attributes
                0x0000033a       0x3b ..\obj\serviceReq.o
 .ARM.attributes
                0x00000375       0x3b ..\obj\patch.o
 .ARM.attributes
                0x000003b0       0x3b ..\obj\main.o
 .ARM.attributes
                0x000003eb       0x3b ..\obj\stm32f4xx_rcc.o
 .ARM.attributes
                0x00000426       0x3b ..\obj\init.o
 .ARM.attributes
                0x00000461       0x3b ..\obj\stm32f4xx_adc.o
 .ARM.attributes
                0x0000049c       0x3b ..\obj\wlan.o
 .ARM.attributes
                0x000004d7       0x3b ..\obj\mbox.o
 .ARM.attributes
                0x00000512       0x3b ..\obj\CC1101.o
 .ARM.attributes
                0x0000054d       0x3b ..\obj\time.o
 .ARM.attributes
                0x00000588       0x3b ..\obj\event.o
 .ARM.attributes